[    0.000000] microcode: updated early: 0x200002e -> 0x2007006, date = 2023-03-06
[    0.000000] Linux version 6.5.0-41-generic (buildd@lcy02-amd64-037) (x86_64-linux-gnu-gcc-13 (Ubuntu 13.2.0-4ubuntu3) 13.2.0, GNU ld (GNU Binutils for Ubuntu) 2.41) #41-Ubuntu SMP PREEMPT_DYNAMIC Mon May 20 15:55:15 UTC 2024 (Ubuntu 6.5.0-41.41-generic 6.5.13)
[    0.000000] Command line: BOOT_IMAGE=/vmlinuz-6.5.0-41-generic root=/dev/mapper/ubuntu--vg-ubuntu--lv ro memmap=64G$32G isolcpus=15,16 intremap=off
[    0.000000] KERNEL supported cpus:
[    0.000000]   Intel GenuineIntel
[    0.000000]   AMD AuthenticAMD
[    0.000000]   Hygon HygonGenuine
[    0.000000]   Centaur CentaurHauls
[    0.000000]   zhaoxin   Shanghai  
[    0.000000] BIOS-provided physical RAM map:
[    0.000000] BIOS-e820: [mem 0x0000000000000000-0x000000000009d7ff] usable
[    0.000000] BIOS-e820: [mem 0x000000000009d800-0x000000000009ffff] reserved
[    0.000000] BIOS-e820: [mem 0x00000000000e0000-0x00000000000fffff] reserved
[    0.000000] BIOS-e820: [mem 0x0000000000100000-0x00000000355b3fff] usable
[    0.000000] BIOS-e820: [mem 0x00000000355b4000-0x00000000365a3fff] reserved
[    0.000000] BIOS-e820: [mem 0x00000000365a4000-0x00000000368c1fff] usable
[    0.000000] BIOS-e820: [mem 0x00000000368c2000-0x0000000037702fff] ACPI NVS
[    0.000000] BIOS-e820: [mem 0x0000000037703000-0x0000000038634fff] reserved
[    0.000000] BIOS-e820: [mem 0x0000000038635000-0x000000004fffffff] usable
[    0.000000] BIOS-e820: [mem 0x0000000050000000-0x000000006fffffff] reserved
[    0.000000] BIOS-e820: [mem 0x00000000fe000000-0x00000000fe010fff] reserved
[    0.000000] BIOS-e820: [mem 0x00000000fec00000-0x00000000fec00fff] reserved
[    0.000000] BIOS-e820: [mem 0x00000000fed00000-0x00000000fed00fff] reserved
[    0.000000] BIOS-e820: [mem 0x00000000fee00000-0x00000000fee00fff] reserved
[    0.000000] BIOS-e820: [mem 0x00000000ff000000-0x00000000ffffffff] reserved
[    0.000000] BIOS-e820: [mem 0x0000000100000000-0x000000189fffffff] usable
[    0.000000] NX (Execute Disable) protection: active
[    0.000000] user-defined physical RAM map:
[    0.000000] user: [mem 0x0000000000000000-0x000000000009d7ff] usable
[    0.000000] user: [mem 0x000000000009d800-0x000000000009ffff] reserved
[    0.000000] user: [mem 0x00000000000e0000-0x00000000000fffff] reserved
[    0.000000] user: [mem 0x0000000000100000-0x00000000355b3fff] usable
[    0.000000] user: [mem 0x00000000355b4000-0x00000000365a3fff] reserved
[    0.000000] user: [mem 0x00000000365a4000-0x00000000368c1fff] usable
[    0.000000] user: [mem 0x00000000368c2000-0x0000000037702fff] ACPI NVS
[    0.000000] user: [mem 0x0000000037703000-0x0000000038634fff] reserved
[    0.000000] user: [mem 0x0000000038635000-0x000000004fffffff] usable
[    0.000000] user: [mem 0x0000000050000000-0x000000006fffffff] reserved
[    0.000000] user: [mem 0x00000000fe000000-0x00000000fe010fff] reserved
[    0.000000] user: [mem 0x00000000fec00000-0x00000000fec00fff] reserved
[    0.000000] user: [mem 0x00000000fed00000-0x00000000fed00fff] reserved
[    0.000000] user: [mem 0x00000000fee00000-0x00000000fee00fff] reserved
[    0.000000] user: [mem 0x00000000ff000000-0x00000000ffffffff] reserved
[    0.000000] user: [mem 0x0000000100000000-0x00000007ffffffff] usable
[    0.000000] user: [mem 0x0000000800000000-0x00000017ffffffff] reserved
[    0.000000] user: [mem 0x0000001800000000-0x000000189fffffff] usable
[    0.000000] SMBIOS 3.0.0 present.
[    0.000000] DMI: Gigabyte Technology Co., Ltd. X299 UD4 Pro/X299 UD4 Pro-CF, BIOS F3 12/28/2017
[    0.000000] tsc: Detected 3100.000 MHz processor
[    0.000000] tsc: Detected 3099.999 MHz TSC
[    0.000000] [Firmware Bug]: TSC ADJUST: CPU0: -195175171217511 force to 0
[    0.000571] e820: update [mem 0x00000000-0x00000fff] usable ==> reserved
[    0.000573] e820: remove [mem 0x000a0000-0x000fffff] usable
[    0.000579] last_pfn = 0x18a0000 max_arch_pfn = 0x400000000
[    0.000585] total RAM covered: 98288M
[    0.000697]  gran_size: 64K 	chunk_size: 64K 	num_reg: 10  	lose cover RAM: 35328M
[    0.000699]  gran_size: 64K 	chunk_size: 128K 	num_reg: 10  	lose cover RAM: 35328M
[    0.000701]  gran_size: 64K 	chunk_size: 256K 	num_reg: 10  	lose cover RAM: 35328M
[    0.000702]  gran_size: 64K 	chunk_size: 512K 	num_reg: 10  	lose cover RAM: 35328M
[    0.000703]  gran_size: 64K 	chunk_size: 1M 	num_reg: 10  	lose cover RAM: 35328M
[    0.000704]  gran_size: 64K 	chunk_size: 2M 	num_reg: 10  	lose cover RAM: 35328M
[    0.000705]  gran_size: 64K 	chunk_size: 4M 	num_reg: 10  	lose cover RAM: 35328M
[    0.000706]  gran_size: 64K 	chunk_size: 8M 	num_reg: 10  	lose cover RAM: 35328M
[    0.000707]  gran_size: 64K 	chunk_size: 16M 	num_reg: 10  	lose cover RAM: 35328M
[    0.000709]  gran_size: 64K 	chunk_size: 32M 	num_reg: 10  	lose cover RAM: 0G
[    0.000710]  gran_size: 64K 	chunk_size: 64M 	num_reg: 10  	lose cover RAM: 0G
[    0.000711]  gran_size: 64K 	chunk_size: 128M 	num_reg: 10  	lose cover RAM: 0G
[    0.000712]  gran_size: 64K 	chunk_size: 256M 	num_reg: 10  	lose cover RAM: 0G
[    0.000713]  gran_size: 64K 	chunk_size: 512M 	num_reg: 10  	lose cover RAM: 0G
[    0.000714] *BAD*gran_size: 64K 	chunk_size: 1G 	num_reg: 10  	lose cover RAM: -512M
[    0.000716] *BAD*gran_size: 64K 	chunk_size: 2G 	num_reg: 10  	lose cover RAM: -1G
[    0.000717]  gran_size: 128K 	chunk_size: 128K 	num_reg: 10  	lose cover RAM: 35328M
[    0.000718]  gran_size: 128K 	chunk_size: 256K 	num_reg: 10  	lose cover RAM: 35328M
[    0.000719]  gran_size: 128K 	chunk_size: 512K 	num_reg: 10  	lose cover RAM: 35328M
[    0.000720]  gran_size: 128K 	chunk_size: 1M 	num_reg: 10  	lose cover RAM: 35328M
[    0.000722]  gran_size: 128K 	chunk_size: 2M 	num_reg: 10  	lose cover RAM: 35328M
[    0.000723]  gran_size: 128K 	chunk_size: 4M 	num_reg: 10  	lose cover RAM: 35328M
[    0.000724]  gran_size: 128K 	chunk_size: 8M 	num_reg: 10  	lose cover RAM: 35328M
[    0.000725]  gran_size: 128K 	chunk_size: 16M 	num_reg: 10  	lose cover RAM: 35328M
[    0.000726]  gran_size: 128K 	chunk_size: 32M 	num_reg: 10  	lose cover RAM: 0G
[    0.000727]  gran_size: 128K 	chunk_size: 64M 	num_reg: 10  	lose cover RAM: 0G
[    0.000728]  gran_size: 128K 	chunk_size: 128M 	num_reg: 10  	lose cover RAM: 0G
[    0.000729]  gran_size: 128K 	chunk_size: 256M 	num_reg: 10  	lose cover RAM: 0G
[    0.000730]  gran_size: 128K 	chunk_size: 512M 	num_reg: 10  	lose cover RAM: 0G
[    0.000731] *BAD*gran_size: 128K 	chunk_size: 1G 	num_reg: 10  	lose cover RAM: -512M
[    0.000733] *BAD*gran_size: 128K 	chunk_size: 2G 	num_reg: 10  	lose cover RAM: -1G
[    0.000734]  gran_size: 256K 	chunk_size: 256K 	num_reg: 10  	lose cover RAM: 35328M
[    0.000735]  gran_size: 256K 	chunk_size: 512K 	num_reg: 10  	lose cover RAM: 35328M
[    0.000736]  gran_size: 256K 	chunk_size: 1M 	num_reg: 10  	lose cover RAM: 35328M
[    0.000737]  gran_size: 256K 	chunk_size: 2M 	num_reg: 10  	lose cover RAM: 35328M
[    0.000738]  gran_size: 256K 	chunk_size: 4M 	num_reg: 10  	lose cover RAM: 35328M
[    0.000739]  gran_size: 256K 	chunk_size: 8M 	num_reg: 10  	lose cover RAM: 35328M
[    0.000740]  gran_size: 256K 	chunk_size: 16M 	num_reg: 10  	lose cover RAM: 35328M
[    0.000742]  gran_size: 256K 	chunk_size: 32M 	num_reg: 10  	lose cover RAM: 0G
[    0.000743]  gran_size: 256K 	chunk_size: 64M 	num_reg: 10  	lose cover RAM: 0G
[    0.000744]  gran_size: 256K 	chunk_size: 128M 	num_reg: 10  	lose cover RAM: 0G
[    0.000745]  gran_size: 256K 	chunk_size: 256M 	num_reg: 10  	lose cover RAM: 0G
[    0.000746]  gran_size: 256K 	chunk_size: 512M 	num_reg: 10  	lose cover RAM: 0G
[    0.000747] *BAD*gran_size: 256K 	chunk_size: 1G 	num_reg: 10  	lose cover RAM: -512M
[    0.000748] *BAD*gran_size: 256K 	chunk_size: 2G 	num_reg: 10  	lose cover RAM: -1G
[    0.000749]  gran_size: 512K 	chunk_size: 512K 	num_reg: 10  	lose cover RAM: 35328M
[    0.000750]  gran_size: 512K 	chunk_size: 1M 	num_reg: 10  	lose cover RAM: 35328M
[    0.000752]  gran_size: 512K 	chunk_size: 2M 	num_reg: 10  	lose cover RAM: 35328M
[    0.000753]  gran_size: 512K 	chunk_size: 4M 	num_reg: 10  	lose cover RAM: 35328M
[    0.000754]  gran_size: 512K 	chunk_size: 8M 	num_reg: 10  	lose cover RAM: 35328M
[    0.000755]  gran_size: 512K 	chunk_size: 16M 	num_reg: 10  	lose cover RAM: 35328M
[    0.000756]  gran_size: 512K 	chunk_size: 32M 	num_reg: 10  	lose cover RAM: 0G
[    0.000757]  gran_size: 512K 	chunk_size: 64M 	num_reg: 10  	lose cover RAM: 0G
[    0.000758]  gran_size: 512K 	chunk_size: 128M 	num_reg: 10  	lose cover RAM: 0G
[    0.000759]  gran_size: 512K 	chunk_size: 256M 	num_reg: 10  	lose cover RAM: 0G
[    0.000760]  gran_size: 512K 	chunk_size: 512M 	num_reg: 10  	lose cover RAM: 0G
[    0.000761] *BAD*gran_size: 512K 	chunk_size: 1G 	num_reg: 10  	lose cover RAM: -512M
[    0.000763] *BAD*gran_size: 512K 	chunk_size: 2G 	num_reg: 10  	lose cover RAM: -1G
[    0.000764]  gran_size: 1M 	chunk_size: 1M 	num_reg: 10  	lose cover RAM: 35328M
[    0.000765]  gran_size: 1M 	chunk_size: 2M 	num_reg: 10  	lose cover RAM: 35328M
[    0.000766]  gran_size: 1M 	chunk_size: 4M 	num_reg: 10  	lose cover RAM: 35328M
[    0.000767]  gran_size: 1M 	chunk_size: 8M 	num_reg: 10  	lose cover RAM: 35328M
[    0.000768]  gran_size: 1M 	chunk_size: 16M 	num_reg: 10  	lose cover RAM: 35328M
[    0.000769]  gran_size: 1M 	chunk_size: 32M 	num_reg: 10  	lose cover RAM: 0G
[    0.000770]  gran_size: 1M 	chunk_size: 64M 	num_reg: 10  	lose cover RAM: 0G
[    0.000772]  gran_size: 1M 	chunk_size: 128M 	num_reg: 10  	lose cover RAM: 0G
[    0.000773]  gran_size: 1M 	chunk_size: 256M 	num_reg: 10  	lose cover RAM: 0G
[    0.000774]  gran_size: 1M 	chunk_size: 512M 	num_reg: 10  	lose cover RAM: 0G
[    0.000775] *BAD*gran_size: 1M 	chunk_size: 1G 	num_reg: 10  	lose cover RAM: -512M
[    0.000776] *BAD*gran_size: 1M 	chunk_size: 2G 	num_reg: 10  	lose cover RAM: -1G
[    0.000777]  gran_size: 2M 	chunk_size: 2M 	num_reg: 10  	lose cover RAM: 35328M
[    0.000778]  gran_size: 2M 	chunk_size: 4M 	num_reg: 10  	lose cover RAM: 35328M
[    0.000779]  gran_size: 2M 	chunk_size: 8M 	num_reg: 10  	lose cover RAM: 35328M
[    0.000780]  gran_size: 2M 	chunk_size: 16M 	num_reg: 10  	lose cover RAM: 35328M
[    0.000781]  gran_size: 2M 	chunk_size: 32M 	num_reg: 10  	lose cover RAM: 0G
[    0.000783]  gran_size: 2M 	chunk_size: 64M 	num_reg: 10  	lose cover RAM: 0G
[    0.000784]  gran_size: 2M 	chunk_size: 128M 	num_reg: 10  	lose cover RAM: 0G
[    0.000785]  gran_size: 2M 	chunk_size: 256M 	num_reg: 10  	lose cover RAM: 0G
[    0.000786]  gran_size: 2M 	chunk_size: 512M 	num_reg: 10  	lose cover RAM: 0G
[    0.000787] *BAD*gran_size: 2M 	chunk_size: 1G 	num_reg: 10  	lose cover RAM: -512M
[    0.000788] *BAD*gran_size: 2M 	chunk_size: 2G 	num_reg: 10  	lose cover RAM: -1G
[    0.000789]  gran_size: 4M 	chunk_size: 4M 	num_reg: 10  	lose cover RAM: 35328M
[    0.000790]  gran_size: 4M 	chunk_size: 8M 	num_reg: 10  	lose cover RAM: 35328M
[    0.000791]  gran_size: 4M 	chunk_size: 16M 	num_reg: 10  	lose cover RAM: 35328M
[    0.000792]  gran_size: 4M 	chunk_size: 32M 	num_reg: 10  	lose cover RAM: 0G
[    0.000794]  gran_size: 4M 	chunk_size: 64M 	num_reg: 10  	lose cover RAM: 0G
[    0.000795]  gran_size: 4M 	chunk_size: 128M 	num_reg: 10  	lose cover RAM: 0G
[    0.000796]  gran_size: 4M 	chunk_size: 256M 	num_reg: 10  	lose cover RAM: 0G
[    0.000797]  gran_size: 4M 	chunk_size: 512M 	num_reg: 10  	lose cover RAM: 0G
[    0.000798] *BAD*gran_size: 4M 	chunk_size: 1G 	num_reg: 10  	lose cover RAM: -512M
[    0.000799] *BAD*gran_size: 4M 	chunk_size: 2G 	num_reg: 10  	lose cover RAM: -1G
[    0.000800]  gran_size: 8M 	chunk_size: 8M 	num_reg: 10  	lose cover RAM: 35328M
[    0.000801]  gran_size: 8M 	chunk_size: 16M 	num_reg: 10  	lose cover RAM: 35328M
[    0.000802]  gran_size: 8M 	chunk_size: 32M 	num_reg: 10  	lose cover RAM: 0G
[    0.000803]  gran_size: 8M 	chunk_size: 64M 	num_reg: 10  	lose cover RAM: 0G
[    0.000804]  gran_size: 8M 	chunk_size: 128M 	num_reg: 10  	lose cover RAM: 0G
[    0.000805]  gran_size: 8M 	chunk_size: 256M 	num_reg: 10  	lose cover RAM: 0G
[    0.000807]  gran_size: 8M 	chunk_size: 512M 	num_reg: 10  	lose cover RAM: 0G
[    0.000808] *BAD*gran_size: 8M 	chunk_size: 1G 	num_reg: 10  	lose cover RAM: -512M
[    0.000809] *BAD*gran_size: 8M 	chunk_size: 2G 	num_reg: 10  	lose cover RAM: -1G
[    0.000810]  gran_size: 16M 	chunk_size: 16M 	num_reg: 10  	lose cover RAM: 35328M
[    0.000811]  gran_size: 16M 	chunk_size: 32M 	num_reg: 10  	lose cover RAM: 0G
[    0.000812]  gran_size: 16M 	chunk_size: 64M 	num_reg: 10  	lose cover RAM: 0G
[    0.000813]  gran_size: 16M 	chunk_size: 128M 	num_reg: 10  	lose cover RAM: 0G
[    0.000814]  gran_size: 16M 	chunk_size: 256M 	num_reg: 10  	lose cover RAM: 0G
[    0.000815]  gran_size: 16M 	chunk_size: 512M 	num_reg: 10  	lose cover RAM: 0G
[    0.000816] *BAD*gran_size: 16M 	chunk_size: 1G 	num_reg: 10  	lose cover RAM: -512M
[    0.000818] *BAD*gran_size: 16M 	chunk_size: 2G 	num_reg: 10  	lose cover RAM: -1G
[    0.000819]  gran_size: 32M 	chunk_size: 32M 	num_reg: 10  	lose cover RAM: 2576M
[    0.000820]  gran_size: 32M 	chunk_size: 64M 	num_reg: 10  	lose cover RAM: 16M
[    0.000821]  gran_size: 32M 	chunk_size: 128M 	num_reg: 10  	lose cover RAM: 16M
[    0.000822]  gran_size: 32M 	chunk_size: 256M 	num_reg: 10  	lose cover RAM: 16M
[    0.000823]  gran_size: 32M 	chunk_size: 512M 	num_reg: 10  	lose cover RAM: 16M
[    0.000824] *BAD*gran_size: 32M 	chunk_size: 1G 	num_reg: 10  	lose cover RAM: -496M
[    0.000826] *BAD*gran_size: 32M 	chunk_size: 2G 	num_reg: 10  	lose cover RAM: -1008M
[    0.000827]  gran_size: 64M 	chunk_size: 64M 	num_reg: 10  	lose cover RAM: 560M
[    0.000828]  gran_size: 64M 	chunk_size: 128M 	num_reg: 10  	lose cover RAM: 48M
[    0.000829]  gran_size: 64M 	chunk_size: 256M 	num_reg: 10  	lose cover RAM: 48M
[    0.000830]  gran_size: 64M 	chunk_size: 512M 	num_reg: 10  	lose cover RAM: 48M
[    0.000831] *BAD*gran_size: 64M 	chunk_size: 1G 	num_reg: 10  	lose cover RAM: -464M
[    0.000832] *BAD*gran_size: 64M 	chunk_size: 2G 	num_reg: 10  	lose cover RAM: -976M
[    0.000833]  gran_size: 128M 	chunk_size: 128M 	num_reg: 10  	lose cover RAM: 112M
[    0.000835]  gran_size: 128M 	chunk_size: 256M 	num_reg: 10  	lose cover RAM: 112M
[    0.000836]  gran_size: 128M 	chunk_size: 512M 	num_reg: 10  	lose cover RAM: 112M
[    0.000837] *BAD*gran_size: 128M 	chunk_size: 1G 	num_reg: 10  	lose cover RAM: -400M
[    0.000838] *BAD*gran_size: 128M 	chunk_size: 2G 	num_reg: 10  	lose cover RAM: -912M
[    0.000839]  gran_size: 256M 	chunk_size: 256M 	num_reg: 9  	lose cover RAM: 240M
[    0.000840]  gran_size: 256M 	chunk_size: 512M 	num_reg: 10  	lose cover RAM: 240M
[    0.000842] *BAD*gran_size: 256M 	chunk_size: 1G 	num_reg: 10  	lose cover RAM: -272M
[    0.000843] *BAD*gran_size: 256M 	chunk_size: 2G 	num_reg: 10  	lose cover RAM: -784M
[    0.000844]  gran_size: 512M 	chunk_size: 512M 	num_reg: 8  	lose cover RAM: 496M
[    0.000845]  gran_size: 512M 	chunk_size: 1G 	num_reg: 9  	lose cover RAM: 496M
[    0.000846]  gran_size: 512M 	chunk_size: 2G 	num_reg: 9  	lose cover RAM: 496M
[    0.000847]  gran_size: 1G 	chunk_size: 1G 	num_reg: 7  	lose cover RAM: 1008M
[    0.000848]  gran_size: 1G 	chunk_size: 2G 	num_reg: 7  	lose cover RAM: 1008M
[    0.000849]  gran_size: 2G 	chunk_size: 2G 	num_reg: 6  	lose cover RAM: 2032M
[    0.000851] mtrr_cleanup: can not find optimal value
[    0.001025] please specify mtrr_gran_size/mtrr_chunk_size
[    0.001027] MTRR map: 6 entries (3 fixed + 3 variable; max 23), built from 10 variable MTRRs
[    0.001029] x86/PAT: Configuration [0-7]: WB  WC  UC- UC  WB  WP  UC- WT  
[    0.001583] e820: update [mem 0x5f000000-0xffffffff] usable ==> reserved
[    0.001586] last_pfn = 0x50000 max_arch_pfn = 0x400000000
[    0.006985] found SMP MP-table at [mem 0x000fcfd0-0x000fcfdf]
[    0.007000] Using GB pages for direct mapping
[    0.007354] RAMDISK: [mem 0x2b8bd000-0x31c55fff]
[    0.008075] ACPI: Early table checksum verification disabled
[    0.008078] ACPI: RSDP 0x00000000000F05B0 000024 (v02 ALASKA)
[    0.008081] ACPI: XSDT 0x00000000368C20D0 000124 (v01 ALASKA A M I    01072009 AMI  00010013)
[    0.008086] ACPI: FACP 0x00000000368E1A20 000114 (v06 ALASKA A M I    01072009 AMI  00010013)
[    0.008091] ACPI: DSDT 0x00000000368C2290 01F790 (v02 ALASKA A M I    01072009 INTL 20160422)
[    0.008093] ACPI: FACS 0x0000000037700080 000040
[    0.008095] ACPI: FPDT 0x00000000368E1B38 000044 (v01 ALASKA A M I    01072009 AMI  00010013)
[    0.008097] ACPI: FIDT 0x00000000368E1B80 00009C (v01 ALASKA A M I    01072009 AMI  00010013)
[    0.008100] ACPI: SSDT 0x00000000368E1C20 007A35 (v01 GBT    GSWApp   00000001 INTL 20160422)
[    0.008102] ACPI: UEFI 0x00000000368E9658 000042 (v01 ALASKA A M I    00000002      01000013)
[    0.008105] ACPI: MCFG 0x00000000368E96A0 00003C (v01 ALASKA A M I    01072009 MSFT 00000097)
[    0.008107] ACPI: HPET 0x00000000368E96E0 000038 (v01 ALASKA A M I    00000001 INTL 20091013)
[    0.008109] ACPI: APIC 0x00000000368E9718 00071E (v03 ALASKA A M I    00000000 INTL 20091013)
[    0.008111] ACPI: MCFG 0x00000000368E9E38 00003C (v01 ALASKA A M I    00000001 INTL 20091013)
[    0.008114] ACPI: MIGT 0x00000000368E9E78 000040 (v01 ALASKA A M I    00000000 INTL 20091013)
[    0.008116] ACPI: MSCT 0x00000000368E9EB8 00004E (v01 ALASKA A M I    00000001 INTL 20091013)
[    0.008118] ACPI: PCCT 0x00000000368E9F08 00006E (v01 ALASKA A M I    00000002 INTL 20091013)
[    0.008120] ACPI: RASF 0x00000000368E9F78 000030 (v01 ALASKA A M I    00000001 INTL 20091013)
[    0.008122] ACPI: SLIT 0x00000000368E9FA8 00006C (v01 ALASKA A M I    00000001 INTL 20091013)
[    0.008125] ACPI: SRAT 0x00000000368EA018 000A30 (v03 ALASKA A M I    00000002 INTL 20091013)
[    0.008127] ACPI: SVOS 0x00000000368EAA48 000032 (v01 ALASKA A M I    00000000 INTL 20091013)
[    0.008129] ACPI: WDDT 0x00000000368EAA80 000040 (v01 ALASKA A M I    00000000 INTL 20091013)
[    0.008131] ACPI: OEM4 0x00000000368EAAC0 029A72 (v02 INTEL  CPU  CST 00003000 INTL 20160422)
[    0.008134] ACPI: OEM1 0x0000000036914538 00ABCB (v02 INTEL  CPU EIST 00003000 INTL 20160422)
[    0.008136] ACPI: OEM2 0x000000003691F108 006AB0 (v02 INTEL  CPU  HWP 00003000 INTL 20160422)
[    0.008138] ACPI: SSDT 0x0000000036925BB8 00D427 (v02 INTEL  SSDT  PM 00004000 INTL 20160422)
[    0.008141] ACPI: NITR 0x0000000036932FE0 000071 (v02 ALASKA A M I    00000001 INTL 20091013)
[    0.008143] ACPI: SSDT 0x0000000036933058 000956 (v02 ALASKA A M I    00000000 INTL 20091013)
[    0.008146] ACPI: LPIT 0x00000000369339B0 000094 (v01 INTEL  SKL      00000000 MSFT 0000005F)
[    0.008148] ACPI: WSMT 0x0000000036933A48 000028 (v01 INTEL  SKL      00000000 MSFT 0000005F)
[    0.008150] ACPI: WDAT 0x0000000036933A70 000134 (v01 INTEL  SKL      00000000 MSFT 0000005F)
[    0.008153] ACPI: SSDT 0x0000000036933BA8 00029F (v02 INTEL  sensrhub 00000000 INTL 20160422)
[    0.008155] ACPI: SSDT 0x0000000036933E48 003002 (v02 INTEL  PtidDevc 00001000 INTL 20160422)
[    0.008157] ACPI: DBGP 0x0000000036936E50 000034 (v01 INTEL           00000002 MSFT 0000005F)
[    0.008159] ACPI: DBG2 0x0000000036936E88 000054 (v00 INTEL           00000002 MSFT 0000005F)
[    0.008162] ACPI: DMAR 0x0000000036936EE0 0000D8 (v01 ALASKA A M I    00000001 INTL 20091013)
[    0.008164] ACPI: WSMT 0x0000000036936FB8 000028 (v01 ALASKA A M I    01072009 AMI  00010013)
[    0.008166] ACPI: Reserving FACP table memory at [mem 0x368e1a20-0x368e1b33]
[    0.008167] ACPI: Reserving DSDT table memory at [mem 0x368c2290-0x368e1a1f]
[    0.008168] ACPI: Reserving FACS table memory at [mem 0x37700080-0x377000bf]
[    0.008169] ACPI: Reserving FPDT table memory at [mem 0x368e1b38-0x368e1b7b]
[    0.008169] ACPI: Reserving FIDT table memory at [mem 0x368e1b80-0x368e1c1b]
[    0.008170] ACPI: Reserving SSDT table memory at [mem 0x368e1c20-0x368e9654]
[    0.008170] ACPI: Reserving UEFI table memory at [mem 0x368e9658-0x368e9699]
[    0.008171] ACPI: Reserving MCFG table memory at [mem 0x368e96a0-0x368e96db]
[    0.008172] ACPI: Reserving HPET table memory at [mem 0x368e96e0-0x368e9717]
[    0.008172] ACPI: Reserving APIC table memory at [mem 0x368e9718-0x368e9e35]
[    0.008173] ACPI: Reserving MCFG table memory at [mem 0x368e9e38-0x368e9e73]
[    0.008174] ACPI: Reserving MIGT table memory at [mem 0x368e9e78-0x368e9eb7]
[    0.008174] ACPI: Reserving MSCT table memory at [mem 0x368e9eb8-0x368e9f05]
[    0.008175] ACPI: Reserving PCCT table memory at [mem 0x368e9f08-0x368e9f75]
[    0.008175] ACPI: Reserving RASF table memory at [mem 0x368e9f78-0x368e9fa7]
[    0.008176] ACPI: Reserving SLIT table memory at [mem 0x368e9fa8-0x368ea013]
[    0.008177] ACPI: Reserving SRAT table memory at [mem 0x368ea018-0x368eaa47]
[    0.008177] ACPI: Reserving SVOS table memory at [mem 0x368eaa48-0x368eaa79]
[    0.008178] ACPI: Reserving WDDT table memory at [mem 0x368eaa80-0x368eaabf]
[    0.008178] ACPI: Reserving OEM4 table memory at [mem 0x368eaac0-0x36914531]
[    0.008179] ACPI: Reserving OEM1 table memory at [mem 0x36914538-0x3691f102]
[    0.008180] ACPI: Reserving OEM2 table memory at [mem 0x3691f108-0x36925bb7]
[    0.008180] ACPI: Reserving SSDT table memory at [mem 0x36925bb8-0x36932fde]
[    0.008181] ACPI: Reserving NITR table memory at [mem 0x36932fe0-0x36933050]
[    0.008182] ACPI: Reserving SSDT table memory at [mem 0x36933058-0x369339ad]
[    0.008182] ACPI: Reserving LPIT table memory at [mem 0x369339b0-0x36933a43]
[    0.008183] ACPI: Reserving WSMT table memory at [mem 0x36933a48-0x36933a6f]
[    0.008183] ACPI: Reserving WDAT table memory at [mem 0x36933a70-0x36933ba3]
[    0.008184] ACPI: Reserving SSDT table memory at [mem 0x36933ba8-0x36933e46]
[    0.008185] ACPI: Reserving SSDT table memory at [mem 0x36933e48-0x36936e49]
[    0.008185] ACPI: Reserving DBGP table memory at [mem 0x36936e50-0x36936e83]
[    0.008186] ACPI: Reserving DBG2 table memory at [mem 0x36936e88-0x36936edb]
[    0.008187] ACPI: Reserving DMAR table memory at [mem 0x36936ee0-0x36936fb7]
[    0.008187] ACPI: Reserving WSMT table memory at [mem 0x36936fb8-0x36936fdf]
[    0.008232] SRAT: PXM 0 -> APIC 0x00 -> Node 0
[    0.008233] SRAT: PXM 0 -> APIC 0x02 -> Node 0
[    0.008234] SRAT: PXM 0 -> APIC 0x04 -> Node 0
[    0.008235] SRAT: PXM 0 -> APIC 0x06 -> Node 0
[    0.008235] SRAT: PXM 0 -> APIC 0x08 -> Node 0
[    0.008236] SRAT: PXM 0 -> APIC 0x0a -> Node 0
[    0.008236] SRAT: PXM 0 -> APIC 0x0c -> Node 0
[    0.008237] SRAT: PXM 0 -> APIC 0x0e -> Node 0
[    0.008237] SRAT: PXM 0 -> APIC 0x10 -> Node 0
[    0.008238] SRAT: PXM 0 -> APIC 0x12 -> Node 0
[    0.008239] SRAT: PXM 0 -> APIC 0x14 -> Node 0
[    0.008239] SRAT: PXM 0 -> APIC 0x16 -> Node 0
[    0.008240] SRAT: PXM 0 -> APIC 0x18 -> Node 0
[    0.008240] SRAT: PXM 0 -> APIC 0x1a -> Node 0
[    0.008241] SRAT: PXM 0 -> APIC 0x1c -> Node 0
[    0.008241] SRAT: PXM 0 -> APIC 0x1e -> Node 0
[    0.008242] SRAT: PXM 0 -> APIC 0x01 -> Node 0
[    0.008242] SRAT: PXM 0 -> APIC 0x03 -> Node 0
[    0.008243] SRAT: PXM 0 -> APIC 0x05 -> Node 0
[    0.008244] SRAT: PXM 0 -> APIC 0x07 -> Node 0
[    0.008244] SRAT: PXM 0 -> APIC 0x09 -> Node 0
[    0.008245] SRAT: PXM 0 -> APIC 0x0b -> Node 0
[    0.008245] SRAT: PXM 0 -> APIC 0x0d -> Node 0
[    0.008246] SRAT: PXM 0 -> APIC 0x0f -> Node 0
[    0.008246] SRAT: PXM 0 -> APIC 0x11 -> Node 0
[    0.008247] SRAT: PXM 0 -> APIC 0x13 -> Node 0
[    0.008247] SRAT: PXM 0 -> APIC 0x15 -> Node 0
[    0.008248] SRAT: PXM 0 -> APIC 0x17 -> Node 0
[    0.008248] SRAT: PXM 0 -> APIC 0x19 -> Node 0
[    0.008249] SRAT: PXM 0 -> APIC 0x1b -> Node 0
[    0.008250] SRAT: PXM 0 -> APIC 0x1d -> Node 0
[    0.008250] SRAT: PXM 0 -> APIC 0x1f -> Node 0
[    0.008254] ACPI: SRAT: Node 0 PXM 0 [mem 0x00000000-0xffffffff]
[    0.008256] ACPI: SRAT: Node 0 PXM 0 [mem 0x100000000-0x109fffffff]
[    0.008257] ACPI: SRAT: Node 0 PXM 0 [mem 0x10a0000000-0x189fffffff]
[    0.008261] NUMA: Initialized distance table, cnt=1
[    0.008264] NUMA: Node 0 [mem 0x00000000-0xffffffff] + [mem 0x100000000-0x109fffffff] -> [mem 0x00000000-0x109fffffff]
[    0.008266] NUMA: Node 0 [mem 0x00000000-0x109fffffff] + [mem 0x10a0000000-0x189fffffff] -> [mem 0x00000000-0x189fffffff]
[    0.008273] NODE_DATA(0) allocated [mem 0x189ffd4000-0x189fffefff]
[    0.008408] Zone ranges:
[    0.008409]   DMA      [mem 0x0000000000001000-0x0000000000ffffff]
[    0.008411]   DMA32    [mem 0x0000000001000000-0x00000000ffffffff]
[    0.008412]   Normal   [mem 0x0000000100000000-0x000000189fffffff]
[    0.008413]   Device   empty
[    0.008414] Movable zone start for each node
[    0.008415] Early memory node ranges
[    0.008416]   node   0: [mem 0x0000000000001000-0x000000000009cfff]
[    0.008417]   node   0: [mem 0x0000000000100000-0x00000000355b3fff]
[    0.008418]   node   0: [mem 0x00000000365a4000-0x00000000368c1fff]
[    0.008419]   node   0: [mem 0x0000000038635000-0x000000004fffffff]
[    0.008419]   node   0: [mem 0x0000000100000000-0x00000007ffffffff]
[    0.008421]   node   0: [mem 0x0000001800000000-0x000000189fffffff]
[    0.008422] Initmem setup node 0 [mem 0x0000000000001000-0x000000189fffffff]
[    0.008426] On node 0, zone DMA: 1 pages in unavailable ranges
[    0.008444] On node 0, zone DMA: 99 pages in unavailable ranges
[    0.009319] On node 0, zone DMA32: 4080 pages in unavailable ranges
[    0.009794] On node 0, zone DMA32: 7539 pages in unavailable ranges
[    0.071549] ACPI: PM-Timer IO Port: 0x1808
[    0.071559] ACPI: X2APIC_NMI (uid[0xffffffff] high level lint[0x1])
[    0.071561] ACPI: LAPIC_NMI (acpi_id[0xff] high level lint[0x1])
[    0.071587] IOAPIC[0]: apic_id 8, version 32, address 0xfec00000, GSI 0-23
[    0.071591] IOAPIC[1]: apic_id 9, version 32, address 0xfec01000, GSI 24-31
[    0.071595] IOAPIC[2]: apic_id 10, version 32, address 0xfec08000, GSI 32-39
[    0.071599] IOAPIC[3]: apic_id 11, version 32, address 0xfec10000, GSI 40-47
[    0.071602] IOAPIC[4]: apic_id 12, version 32, address 0xfec18000, GSI 48-55
[    0.071604] ACPI: INT_SRC_OVR (bus 0 bus_irq 0 global_irq 2 dfl dfl)
[    0.071606] ACPI: INT_SRC_OVR (bus 0 bus_irq 9 global_irq 9 high level)
[    0.071610] ACPI: Using ACPI (MADT) for SMP configuration information
[    0.071611] ACPI: HPET id: 0x8086a701 base: 0xfed00000
[    0.071613] TSC deadline timer available
[    0.071614] smpboot: Allowing 32 CPUs, 0 hotplug CPUs
[    0.071625] PM: hibernation: Registered nosave memory: [mem 0x00000000-0x00000fff]
[    0.071626] PM: hibernation: Registered nosave memory: [mem 0x0009d000-0x0009dfff]
[    0.071627] PM: hibernation: Registered nosave memory: [mem 0x0009e000-0x0009ffff]
[    0.071628] PM: hibernation: Registered nosave memory: [mem 0x000a0000-0x000dffff]
[    0.071628] PM: hibernation: Registered nosave memory: [mem 0x000e0000-0x000fffff]
[    0.071630] PM: hibernation: Registered nosave memory: [mem 0x355b4000-0x365a3fff]
[    0.071631] PM: hibernation: Registered nosave memory: [mem 0x368c2000-0x37702fff]
[    0.071631] PM: hibernation: Registered nosave memory: [mem 0x37703000-0x38634fff]
[    0.071633] PM: hibernation: Registered nosave memory: [mem 0x50000000-0x6fffffff]
[    0.071633] PM: hibernation: Registered nosave memory: [mem 0x70000000-0xfdffffff]
[    0.071634] PM: hibernation: Registered nosave memory: [mem 0xfe000000-0xfe010fff]
[    0.071634] PM: hibernation: Registered nosave memory: [mem 0xfe011000-0xfebfffff]
[    0.071635] PM: hibernation: Registered nosave memory: [mem 0xfec00000-0xfec00fff]
[    0.071635] PM: hibernation: Registered nosave memory: [mem 0xfec01000-0xfecfffff]
[    0.071636] PM: hibernation: Registered nosave memory: [mem 0xfed00000-0xfed00fff]
[    0.071636] PM: hibernation: Registered nosave memory: [mem 0xfed01000-0xfedfffff]
[    0.071637] PM: hibernation: Registered nosave memory: [mem 0xfee00000-0xfee00fff]
[    0.071638] PM: hibernation: Registered nosave memory: [mem 0xfee01000-0xfeffffff]
[    0.071638] PM: hibernation: Registered nosave memory: [mem 0xff000000-0xffffffff]
[    0.071639] PM: hibernation: Registered nosave memory: [mem 0x800000000-0x17ffffffff]
[    0.071641] [mem 0x70000000-0xfdffffff] available for PCI devices
[    0.071642] Booting paravirtualized kernel on bare hardware
[    0.071643] clocksource: refined-jiffies: mask: 0xffffffff max_cycles: 0xffffffff, max_idle_ns: 7645519600211568 ns
[    0.071649] setup_percpu: NR_CPUS:8192 nr_cpumask_bits:32 nr_cpu_ids:32 nr_node_ids:1
[    0.073393] percpu: Embedded 63 pages/cpu s221184 r8192 d28672 u262144
[    0.073398] pcpu-alloc: s221184 r8192 d28672 u262144 alloc=1*2097152
[    0.073400] pcpu-alloc: [0] 00 01 02 03 04 05 06 07 [0] 08 09 10 11 12 13 14 15 
[    0.073408] pcpu-alloc: [0] 16 17 18 19 20 21 22 23 [0] 24 25 26 27 28 29 30 31 
[    0.073430] Kernel command line: BOOT_IMAGE=/vmlinuz-6.5.0-41-generic root=/dev/mapper/ubuntu--vg-ubuntu--lv ro memmap=64G$32G isolcpus=15,16 intremap=off
[    0.073498] Unknown kernel command line parameters "BOOT_IMAGE=/vmlinuz-6.5.0-41-generic", will be passed to user space.
[    0.073515] random: crng init done
[    0.077472] Dentry cache hash table entries: 4194304 (order: 13, 33554432 bytes, linear)
[    0.079473] Inode-cache hash table entries: 2097152 (order: 12, 16777216 bytes, linear)
[    0.079787] Fallback order for Node 0: 0 
[    0.079791] Built 1 zonelists, mobility grouping on.  Total pages: 8181330
[    0.079792] Policy zone: Normal
[    0.079797] mem auto-init: stack:all(zero), heap alloc:on, heap free:off
[    0.079807] software IO TLB: area num 32.
[    0.166334] Memory: 32436832K/33245412K available (20480K kernel code, 4271K rwdata, 13540K rodata, 4820K init, 17360K bss, 808320K reserved, 0K cma-reserved)
[    0.166580] SLUB: HWalign=64, Order=0-3, MinObjects=0, CPUs=32, Nodes=1
[    0.166590] Kernel/User page tables isolation: enabled
[    0.166628] ftrace: allocating 55307 entries in 217 pages
[    0.176126] ftrace: allocated 217 pages with 5 groups
[    0.176895] Dynamic Preempt: voluntary
[    0.176960] rcu: Preemptible hierarchical RCU implementation.
[    0.176961] rcu: 	RCU restricting CPUs from NR_CPUS=8192 to nr_cpu_ids=32.
[    0.176962] 	Trampoline variant of Tasks RCU enabled.
[    0.176962] 	Rude variant of Tasks RCU enabled.
[    0.176963] 	Tracing variant of Tasks RCU enabled.
[    0.176963] rcu: RCU calculated value of scheduler-enlistment delay is 25 jiffies.
[    0.176964] rcu: Adjusting geometry for rcu_fanout_leaf=16, nr_cpu_ids=32
[    0.179116] NR_IRQS: 524544, nr_irqs: 1224, preallocated irqs: 16
[    0.179345] rcu: srcu_init: Setting srcu_struct sizes based on contention.
[    0.179534] Console: colour dummy device 80x25
[    0.179536] printk: console [tty0] enabled
[    0.180100] ACPI: Core revision 20230331
[    0.180485] clocksource: hpet: mask: 0xffffffff max_cycles: 0xffffffff, max_idle_ns: 79635855245 ns
[    0.180557] APIC: Switch to symmetric I/O mode setup
[    0.180837] x2apic: IRQ remapping doesn't support X2APIC mode
[    0.180908] Switched APIC routing to physical flat.
[    0.182014] ..TIMER: vector=0x30 apic1=0 pin1=2 apic2=-1 pin2=-1
[    0.200501] clocksource: tsc-early: mask: 0xffffffffffffffff max_cycles: 0x2caf46e03c8, max_idle_ns: 440795329092 ns
[    0.200508] Calibrating delay loop (skipped), value calculated using timer frequency.. 6199.99 BogoMIPS (lpj=12399996)
[    0.200534] CPU0: Thermal monitoring enabled (TM1)
[    0.200601] process: using mwait in idle threads
[    0.200605] Last level iTLB entries: 4KB 64, 2MB 8, 4MB 8
[    0.200607] Last level dTLB entries: 4KB 64, 2MB 0, 4MB 0, 1GB 4
[    0.200612] Spectre V1 : Mitigation: usercopy/swapgs barriers and __user pointer sanitization
[    0.200616] Spectre V2 : Mitigation: IBRS
[    0.200617] Spectre V2 : Spectre v2 / SpectreRSB mitigation: Filling RSB on context switch
[    0.200620] Spectre V2 : Spectre v2 / SpectreRSB : Filling RSB on VMEXIT
[    0.200786] RETBleed: Mitigation: IBRS
[    0.200790] Spectre V2 : mitigation: Enabling conditional Indirect Branch Prediction Barrier
[    0.200794] Spectre V2 : User space: Mitigation: STIBP via prctl
[    0.200797] Speculative Store Bypass: Mitigation: Speculative Store Bypass disabled via prctl
[    0.200810] MDS: Mitigation: Clear CPU buffers
[    0.200813] TAA: Mitigation: Clear CPU buffers
[    0.200815] MMIO Stale Data: Mitigation: Clear CPU buffers
[    0.200825] GDS: Mitigation: Microcode
[    0.200834] x86/fpu: Supporting XSAVE feature 0x001: 'x87 floating point registers'
[    0.200838] x86/fpu: Supporting XSAVE feature 0x002: 'SSE registers'
[    0.200841] x86/fpu: Supporting XSAVE feature 0x004: 'AVX registers'
[    0.200844] x86/fpu: Supporting XSAVE feature 0x008: 'MPX bounds registers'
[    0.200847] x86/fpu: Supporting XSAVE feature 0x010: 'MPX CSR'
[    0.200850] x86/fpu: Supporting XSAVE feature 0x020: 'AVX-512 opmask'
[    0.200853] x86/fpu: Supporting XSAVE feature 0x040: 'AVX-512 Hi256'
[    0.200856] x86/fpu: Supporting XSAVE feature 0x080: 'AVX-512 ZMM_Hi256'
[    0.200859] x86/fpu: xstate_offset[2]:  576, xstate_sizes[2]:  256
[    0.200863] x86/fpu: xstate_offset[3]:  832, xstate_sizes[3]:   64
[    0.200866] x86/fpu: xstate_offset[4]:  896, xstate_sizes[4]:   64
[    0.200869] x86/fpu: xstate_offset[5]:  960, xstate_sizes[5]:   64
[    0.200872] x86/fpu: xstate_offset[6]: 1024, xstate_sizes[6]:  512
[    0.200875] x86/fpu: xstate_offset[7]: 1536, xstate_sizes[7]: 1024
[    0.200878] x86/fpu: Enabled xstate features 0xff, context size is 2560 bytes, using 'compacted' format.
[    0.228213] Freeing SMP alternatives memory: 44K
[    0.228218] pid_max: default: 32768 minimum: 301
[    0.228271] LSM: initializing lsm=lockdown,capability,landlock,yama,apparmor,integrity
[    0.228289] landlock: Up and running.
[    0.228291] Yama: becoming mindful.
[    0.228316] AppArmor: AppArmor initialized
[    0.228384] Mount-cache hash table entries: 65536 (order: 7, 524288 bytes, linear)
[    0.228419] Mountpoint-cache hash table entries: 65536 (order: 7, 524288 bytes, linear)
[    0.229133] smpboot: CPU0: Intel(R) Core(TM) i9-9960X CPU @ 3.10GHz (family: 0x6, model: 0x55, stepping: 0x4)
[    0.229244] RCU Tasks: Setting shift to 5 and lim to 1 rcu_task_cb_adjust=1.
[    0.229259] RCU Tasks Rude: Setting shift to 5 and lim to 1 rcu_task_cb_adjust=1.
[    0.229275] RCU Tasks Trace: Setting shift to 5 and lim to 1 rcu_task_cb_adjust=1.
[    0.229289] Performance Events: PEBS fmt3+, Skylake events, 32-deep LBR, full-width counters, Intel PMU driver.
[    0.229316] ... version:                4
[    0.229318] ... bit width:              48
[    0.229320] ... generic registers:      4
[    0.229322] ... value mask:             0000ffffffffffff
[    0.229325] ... max period:             00007fffffffffff
[    0.229327] ... fixed-purpose events:   3
[    0.229329] ... event mask:             000000070000000f
[    0.229433] signal: max sigframe size: 3632
[    0.229448] Estimated ratio of average max frequency by base frequency (times 1024): 1387
[    0.229470] rcu: Hierarchical SRCU implementation.
[    0.229472] rcu: 	Max phase no-delay instances is 1000.
[    0.231145] NMI watchdog: Enabled. Permanently consumes one hw-PMU counter.
[    0.231362] smp: Bringing up secondary CPUs ...
[    0.231446] smpboot: x86: Booting SMP configuration:
[    0.231449] .... node  #0, CPUs:        #1  #2  #3  #4  #5  #6  #7  #8  #9 #10 #11 #12 #13 #14 #15
[    0.001036] [Firmware Bug]: TSC ADJUST differs within socket(s), fixing all errors
[    0.240608]  #16 #17 #18 #19 #20 #21 #22 #23 #24 #25 #26 #27 #28 #29 #30 #31
[    0.248540] MDS CPU bug present and SMT on, data leak possible. See https://www.kernel.org/doc/html/latest/admin-guide/hw-vuln/mds.html for more details.
[    0.248554] TAA CPU bug present and SMT on, data leak possible. See https://www.kernel.org/doc/html/latest/admin-guide/hw-vuln/tsx_async_abort.html for more details.
[    0.248559] MMIO Stale Data CPU bug present and SMT on, data leak possible. See https://www.kernel.org/doc/html/latest/admin-guide/hw-vuln/processor_mmio_stale_data.html for more details.
[    0.248568] smp: Brought up 1 node, 32 CPUs
[    0.248568] smpboot: Max logical packages: 1
[    0.248568] smpboot: Total of 32 processors activated (198399.93 BogoMIPS)
[    0.253826] devtmpfs: initialized
[    0.253826] x86/mm: Memory block size: 2048MB
[    0.253826] ACPI: PM: Registering ACPI NVS region [mem 0x368c2000-0x37702fff] (14946304 bytes)
[    0.253826] clocksource: jiffies: mask: 0xffffffff max_cycles: 0xffffffff, max_idle_ns: 7645041785100000 ns
[    0.253826] futex hash table entries: 8192 (order: 7, 524288 bytes, linear)
[    0.253826] pinctrl core: initialized pinctrl subsystem
[    0.253826] PM: RTC time: 02:22:12, date: 2024-06-11
[    0.253826] NET: Registered PF_NETLINK/PF_ROUTE protocol family
[    0.253851] DMA: preallocated 4096 KiB GFP_KERNEL pool for atomic allocations
[    0.254089] DMA: preallocated 4096 KiB GFP_KERNEL|GFP_DMA pool for atomic allocations
[    0.254327] DMA: preallocated 4096 KiB GFP_KERNEL|GFP_DMA32 pool for atomic allocations
[    0.254335] audit: initializing netlink subsys (disabled)
[    0.254353] audit: type=2000 audit(1718072532.076:1): state=initialized audit_enabled=0 res=1
[    0.254353] thermal_sys: Registered thermal governor 'fair_share'
[    0.254353] thermal_sys: Registered thermal governor 'bang_bang'
[    0.254353] thermal_sys: Registered thermal governor 'step_wise'
[    0.254353] thermal_sys: Registered thermal governor 'user_space'
[    0.254353] thermal_sys: Registered thermal governor 'power_allocator'
[    0.254353] EISA bus registered
[    0.254353] cpuidle: using governor ladder
[    0.254353] cpuidle: using governor menu
[    0.254353] Detected 1 PCC Subspaces
[    0.254353] Registering PCC driver as Mailbox controller
[    0.254353] acpiphp: ACPI Hot Plug PCI Controller Driver version: 0.5
[    0.256597] PCI: MMCONFIG for domain 0000 [bus 00-ff] at [mem 0x60000000-0x6fffffff] (base 0x60000000)
[    0.256604] PCI: MMCONFIG at [mem 0x60000000-0x6fffffff] reserved as E820 entry
[    0.256615] PCI: Using configuration type 1 for base access
[    0.257344] ENERGY_PERF_BIAS: Set to 'normal', was 'performance'
[    0.257350] kprobes: kprobe jump-optimization is enabled. All kprobes are optimized if possible.
[    0.286075] HugeTLB: registered 1.00 GiB page size, pre-allocated 0 pages
[    0.286075] HugeTLB: 16380 KiB vmemmap can be freed for a 1.00 GiB page
[    0.286075] HugeTLB: registered 2.00 MiB page size, pre-allocated 0 pages
[    0.286075] HugeTLB: 28 KiB vmemmap can be freed for a 2.00 MiB page
[    0.286075] fbcon: Taking over console
[    0.286075] ACPI: Added _OSI(Module Device)
[    0.286075] ACPI: Added _OSI(Processor Device)
[    0.286075] ACPI: Added _OSI(3.0 _SCP Extensions)
[    0.286075] ACPI: Added _OSI(Processor Aggregator Device)
[    0.322185] ACPI: 6 ACPI AML tables successfully acquired and loaded
[    0.350625] ACPI: Dynamic OEM Table Load:
[    0.359140] ACPI: Dynamic OEM Table Load:
[    0.363765] ACPI: Dynamic OEM Table Load:
[    0.417876] ACPI: Interpreter enabled
[    0.417900] ACPI: PM: (supports S0 S3 S4 S5)
[    0.417902] ACPI: Using IOAPIC for interrupt routing
[    0.420577] PCI: Using host bridge windows from ACPI; if necessary, use "pci=nocrs" and report a bug
[    0.420581] PCI: Using E820 reservations for host bridge windows
[    0.421169] ACPI: Enabled 9 GPEs in block 00 to 7F
[    0.443576] ACPI BIOS Error (bug): Could not resolve symbol [\SHAD._STA.SDS0], AE_NOT_FOUND (20230331/psargs-330)

[    0.443588] No Local Variables are initialized for Method [_STA]

[    0.443592] No Arguments are initialized for method [_STA]

[    0.443596] ACPI Error: Aborting method \SHAD._STA due to previous error (AE_NOT_FOUND) (20230331/psparse-529)
[    0.452078] ACPI: PCI Root Bridge [PC00] (domain 0000 [bus 00-15])
[    0.452086] acpi PNP0A08:00: _OSC: OS supports [ExtendedConfig ASPM ClockPM Segments MSI EDR HPX-Type3]
[    0.452178] acpi PNP0A08:00: _OSC: platform does not support [SHPCHotplug AER LTR DPC]
[    0.452343] acpi PNP0A08:00: _OSC: OS now controls [PCIeHotplug PME PCIeCapability]
[    0.453448] PCI host bridge to bus 0000:00
[    0.453451] pci_bus 0000:00: root bus resource [io  0x0000-0x0cf7 window]
[    0.453455] pci_bus 0000:00: root bus resource [io  0x1000-0x3fff window]
[    0.453458] pci_bus 0000:00: root bus resource [mem 0x000c4000-0x000c7fff window]
[    0.453462] pci_bus 0000:00: root bus resource [mem 0xfe010000-0xfe010fff window]
[    0.453466] pci_bus 0000:00: root bus resource [mem 0x70000000-0x92ffffff window]
[    0.453469] pci_bus 0000:00: root bus resource [mem 0x380000000000-0x3800ffffffff window]
[    0.453473] pci_bus 0000:00: root bus resource [bus 00-15]
[    0.453501] pci 0000:00:00.0: [8086:2020] type 00 class 0x060000
[    0.453646] pci 0000:00:04.0: [8086:2021] type 00 class 0x088000
[    0.453665] pci 0000:00:04.0: reg 0x10: [mem 0x92f64000-0x92f67fff 64bit]
[    0.453780] pci 0000:00:04.1: [8086:2021] type 00 class 0x088000
[    0.453799] pci 0000:00:04.1: reg 0x10: [mem 0x92f60000-0x92f63fff 64bit]
[    0.453918] pci 0000:00:04.2: [8086:2021] type 00 class 0x088000
[    0.453937] pci 0000:00:04.2: reg 0x10: [mem 0x92f5c000-0x92f5ffff 64bit]
[    0.454051] pci 0000:00:04.3: [8086:2021] type 00 class 0x088000
[    0.454069] pci 0000:00:04.3: reg 0x10: [mem 0x92f58000-0x92f5bfff 64bit]
[    0.454182] pci 0000:00:04.4: [8086:2021] type 00 class 0x088000
[    0.454201] pci 0000:00:04.4: reg 0x10: [mem 0x92f54000-0x92f57fff 64bit]
[    0.454314] pci 0000:00:04.5: [8086:2021] type 00 class 0x088000
[    0.454333] pci 0000:00:04.5: reg 0x10: [mem 0x92f50000-0x92f53fff 64bit]
[    0.454446] pci 0000:00:04.6: [8086:2021] type 00 class 0x088000
[    0.454464] pci 0000:00:04.6: reg 0x10: [mem 0x92f4c000-0x92f4ffff 64bit]
[    0.454576] pci 0000:00:04.7: [8086:2021] type 00 class 0x088000
[    0.454595] pci 0000:00:04.7: reg 0x10: [mem 0x92f48000-0x92f4bfff 64bit]
[    0.454711] pci 0000:00:05.0: [8086:2024] type 00 class 0x088000
[    0.454810] pci 0000:00:05.2: [8086:2025] type 00 class 0x088000
[    0.454893] pci 0000:00:05.4: [8086:2026] type 00 class 0x080020
[    0.454908] pci 0000:00:05.4: reg 0x10: [mem 0x92f6e000-0x92f6efff]
[    0.455006] pci 0000:00:08.0: [8086:2014] type 00 class 0x088000
[    0.455091] pci 0000:00:08.1: [8086:2015] type 00 class 0x110100
[    0.455151] pci 0000:00:08.2: [8086:2016] type 00 class 0x088000
[    0.455241] pci 0000:00:14.0: [8086:a2af] type 00 class 0x0c0330
[    0.455267] pci 0000:00:14.0: reg 0x10: [mem 0x92f30000-0x92f3ffff 64bit]
[    0.455344] pci 0000:00:14.0: PME# supported from D3hot D3cold
[    0.455649] pci 0000:00:16.0: [8086:a2ba] type 00 class 0x078000
[    0.455674] pci 0000:00:16.0: reg 0x10: [mem 0x92f6d000-0x92f6dfff 64bit]
[    0.455737] pci 0000:00:16.0: PME# supported from D3hot
[    0.455831] pci 0000:00:17.0: [8086:a282] type 00 class 0x010601
[    0.455850] pci 0000:00:17.0: reg 0x10: [mem 0x92f68000-0x92f69fff]
[    0.455863] pci 0000:00:17.0: reg 0x14: [mem 0x92f6c000-0x92f6c0ff]
[    0.455875] pci 0000:00:17.0: reg 0x18: [io  0x3050-0x3057]
[    0.455888] pci 0000:00:17.0: reg 0x1c: [io  0x3040-0x3043]
[    0.455900] pci 0000:00:17.0: reg 0x20: [io  0x3020-0x303f]
[    0.455913] pci 0000:00:17.0: reg 0x24: [mem 0x92f6b000-0x92f6b7ff]
[    0.455950] pci 0000:00:17.0: PME# supported from D3hot
[    0.456202] pci 0000:00:1b.0: [8086:a2e7] type 01 class 0x060400
[    0.456287] pci 0000:00:1b.0: PME# supported from D0 D3hot D3cold
[    0.456883] pci 0000:00:1c.0: [8086:a290] type 01 class 0x060400
[    0.456967] pci 0000:00:1c.0: PME# supported from D0 D3hot D3cold
[    0.457535] pci 0000:00:1c.4: [8086:a294] type 01 class 0x060400
[    0.457615] pci 0000:00:1c.4: PME# supported from D0 D3hot D3cold
[    0.458193] pci 0000:00:1d.0: [8086:a298] type 01 class 0x060400
[    0.458277] pci 0000:00:1d.0: PME# supported from D0 D3hot D3cold
[    0.458851] pci 0000:00:1f.0: [8086:a2d2] type 00 class 0x060100
[    0.459175] pci 0000:00:1f.2: [8086:a2a1] type 00 class 0x058000
[    0.459196] pci 0000:00:1f.2: reg 0x10: [mem 0x92f44000-0x92f47fff]
[    0.459465] pci 0000:00:1f.3: [8086:a2f0] type 00 class 0x040300
[    0.459492] pci 0000:00:1f.3: reg 0x10: [mem 0x92f40000-0x92f43fff 64bit]
[    0.459532] pci 0000:00:1f.3: reg 0x20: [mem 0x92f20000-0x92f2ffff 64bit]
[    0.459571] pci 0000:00:1f.3: PME# supported from D3hot D3cold
[    0.459928] pci 0000:00:1f.4: [8086:a2a3] type 00 class 0x0c0500
[    0.459986] pci 0000:00:1f.4: reg 0x10: [mem 0x92f6a000-0x92f6a0ff 64bit]
[    0.460058] pci 0000:00:1f.4: reg 0x20: [io  0x3000-0x301f]
[    0.460201] pci 0000:00:1f.6: [8086:15b8] type 00 class 0x020000
[    0.460228] pci 0000:00:1f.6: reg 0x10: [mem 0x92f00000-0x92f1ffff]
[    0.460354] pci 0000:00:1f.6: PME# supported from D0 D3hot D3cold
[    0.460596] pci 0000:00:1b.0: PCI bridge to [bus 01]
[    0.460643] pci 0000:00:1c.0: PCI bridge to [bus 02]
[    0.460700] pci 0000:03:00.0: [1b21:2142] type 00 class 0x0c0330
[    0.460730] pci 0000:03:00.0: reg 0x10: [mem 0x92e00000-0x92e07fff 64bit]
[    0.460799] pci 0000:03:00.0: enabling Extended Tags
[    0.460861] pci 0000:03:00.0: PME# supported from D0
[    0.460976] pci 0000:00:1c.4: PCI bridge to [bus 03]
[    0.460981] pci 0000:00:1c.4:   bridge window [mem 0x92e00000-0x92efffff]
[    0.461022] pci 0000:00:1d.0: PCI bridge to [bus 04]
[    0.461057] pci_bus 0000:00: on NUMA node 0
[    0.461958] ACPI: PCI Root Bridge [PC01] (domain 0000 [bus 16-63])
[    0.461964] acpi PNP0A08:01: _OSC: OS supports [ExtendedConfig ASPM ClockPM Segments MSI EDR HPX-Type3]
[    0.462338] acpi PNP0A08:01: _OSC: platform does not support [SHPCHotplug AER LTR DPC]
[    0.462639] acpi PNP0A08:01: _OSC: OS now controls [PCIeHotplug PME PCIeCapability]
[    0.462873] PCI host bridge to bus 0000:16
[    0.462876] pci_bus 0000:16: root bus resource [io  0x4000-0x7fff window]
[    0.462880] pci_bus 0000:16: root bus resource [mem 0x93000000-0xb5ffffff window]
[    0.462883] pci_bus 0000:16: root bus resource [mem 0x380100000000-0x3801ffffffff window]
[    0.462887] pci_bus 0000:16: root bus resource [bus 16-63]
[    0.462900] pci 0000:16:05.0: [8086:2034] type 00 class 0x088000
[    0.462985] pci 0000:16:05.2: [8086:2035] type 00 class 0x088000
[    0.463065] pci 0000:16:05.4: [8086:2036] type 00 class 0x080020
[    0.463079] pci 0000:16:05.4: reg 0x10: [mem 0xb5f00000-0xb5f00fff]
[    0.463170] pci 0000:16:08.0: [8086:208d] type 00 class 0x088000
[    0.463247] pci 0000:16:08.1: [8086:208d] type 00 class 0x088000
[    0.463304] pci 0000:16:08.2: [8086:208d] type 00 class 0x088000
[    0.463359] pci 0000:16:08.3: [8086:208d] type 00 class 0x088000
[    0.463414] pci 0000:16:08.4: [8086:208d] type 00 class 0x088000
[    0.463467] pci 0000:16:08.5: [8086:208d] type 00 class 0x088000
[    0.463521] pci 0000:16:08.6: [8086:208d] type 00 class 0x088000
[    0.463576] pci 0000:16:08.7: [8086:208d] type 00 class 0x088000
[    0.463631] pci 0000:16:09.0: [8086:208d] type 00 class 0x088000
[    0.463705] pci 0000:16:09.1: [8086:208d] type 00 class 0x088000
[    0.463763] pci 0000:16:09.2: [8086:208d] type 00 class 0x088000
[    0.463817] pci 0000:16:09.3: [8086:208d] type 00 class 0x088000
[    0.463871] pci 0000:16:09.4: [8086:208d] type 00 class 0x088000
[    0.463926] pci 0000:16:09.5: [8086:208d] type 00 class 0x088000
[    0.463981] pci 0000:16:09.6: [8086:208d] type 00 class 0x088000
[    0.464036] pci 0000:16:09.7: [8086:208d] type 00 class 0x088000
[    0.464091] pci 0000:16:0a.0: [8086:208d] type 00 class 0x088000
[    0.464164] pci 0000:16:0a.1: [8086:208d] type 00 class 0x088000
[    0.464226] pci 0000:16:0e.0: [8086:208e] type 00 class 0x088000
[    0.464299] pci 0000:16:0e.1: [8086:208e] type 00 class 0x088000
[    0.464353] pci 0000:16:0e.2: [8086:208e] type 00 class 0x088000
[    0.464407] pci 0000:16:0e.3: [8086:208e] type 00 class 0x088000
[    0.464462] pci 0000:16:0e.4: [8086:208e] type 00 class 0x088000
[    0.464517] pci 0000:16:0e.5: [8086:208e] type 00 class 0x088000
[    0.464571] pci 0000:16:0e.6: [8086:208e] type 00 class 0x088000
[    0.464625] pci 0000:16:0e.7: [8086:208e] type 00 class 0x088000
[    0.464683] pci 0000:16:0f.0: [8086:208e] type 00 class 0x088000
[    0.464758] pci 0000:16:0f.1: [8086:208e] type 00 class 0x088000
[    0.464812] pci 0000:16:0f.2: [8086:208e] type 00 class 0x088000
[    0.464867] pci 0000:16:0f.3: [8086:208e] type 00 class 0x088000
[    0.464922] pci 0000:16:0f.4: [8086:208e] type 00 class 0x088000
[    0.464976] pci 0000:16:0f.5: [8086:208e] type 00 class 0x088000
[    0.465031] pci 0000:16:0f.6: [8086:208e] type 00 class 0x088000
[    0.465085] pci 0000:16:0f.7: [8086:208e] type 00 class 0x088000
[    0.465144] pci 0000:16:10.0: [8086:208e] type 00 class 0x088000
[    0.465216] pci 0000:16:10.1: [8086:208e] type 00 class 0x088000
[    0.465283] pci 0000:16:1d.0: [8086:2054] type 00 class 0x088000
[    0.465355] pci 0000:16:1d.1: [8086:2055] type 00 class 0x088000
[    0.465411] pci 0000:16:1d.2: [8086:2056] type 00 class 0x088000
[    0.465466] pci 0000:16:1d.3: [8086:2057] type 00 class 0x088000
[    0.465524] pci 0000:16:1e.0: [8086:2080] type 00 class 0x088000
[    0.465597] pci 0000:16:1e.1: [8086:2081] type 00 class 0x088000
[    0.465655] pci 0000:16:1e.2: [8086:2082] type 00 class 0x088000
[    0.465711] pci 0000:16:1e.3: [8086:2083] type 00 class 0x088000
[    0.465767] pci 0000:16:1e.4: [8086:2084] type 00 class 0x088000
[    0.465822] pci 0000:16:1e.5: [8086:2085] type 00 class 0x088000
[    0.465877] pci 0000:16:1e.6: [8086:2086] type 00 class 0x088000
[    0.465931] pci_bus 0000:16: on NUMA node 0
[    0.466045] ACPI: PCI Root Bridge [PC02] (domain 0000 [bus 64-b1])
[    0.466050] acpi PNP0A08:02: _OSC: OS supports [ExtendedConfig ASPM ClockPM Segments MSI EDR HPX-Type3]
[    0.466411] acpi PNP0A08:02: _OSC: platform does not support [SHPCHotplug AER LTR DPC]
[    0.466705] acpi PNP0A08:02: _OSC: OS now controls [PCIeHotplug PME PCIeCapability]
[    0.466890] PCI host bridge to bus 0000:64
[    0.466893] pci_bus 0000:64: root bus resource [io  0x8000-0xbfff window]
[    0.466897] pci_bus 0000:64: root bus resource [mem 0xb6000000-0xd8ffffff window]
[    0.466900] pci_bus 0000:64: root bus resource [mem 0x380200000000-0x3802ffffffff window]
[    0.466904] pci_bus 0000:64: root bus resource [bus 64-b1]
[    0.466917] pci 0000:64:05.0: [8086:2034] type 00 class 0x088000
[    0.466999] pci 0000:64:05.2: [8086:2035] type 00 class 0x088000
[    0.467077] pci 0000:64:05.4: [8086:2036] type 00 class 0x080020
[    0.467092] pci 0000:64:05.4: reg 0x10: [mem 0xd8f00000-0xd8f00fff]
[    0.467185] pci 0000:64:08.0: [8086:2066] type 00 class 0x088000
[    0.467276] pci 0000:64:09.0: [8086:2066] type 00 class 0x088000
[    0.467365] pci 0000:64:0a.0: [8086:2040] type 00 class 0x088000
[    0.467453] pci 0000:64:0a.1: [8086:2041] type 00 class 0x088000
[    0.467521] pci 0000:64:0a.2: [8086:2042] type 00 class 0x088000
[    0.467590] pci 0000:64:0a.3: [8086:2043] type 00 class 0x088000
[    0.467658] pci 0000:64:0a.4: [8086:2044] type 00 class 0x088000
[    0.467726] pci 0000:64:0a.5: [8086:2045] type 00 class 0x088000
[    0.467796] pci 0000:64:0a.6: [8086:2046] type 00 class 0x088000
[    0.467864] pci 0000:64:0a.7: [8086:2047] type 00 class 0x088000
[    0.467932] pci 0000:64:0b.0: [8086:2048] type 00 class 0x088000
[    0.468019] pci 0000:64:0b.1: [8086:2049] type 00 class 0x088000
[    0.468087] pci 0000:64:0b.2: [8086:204a] type 00 class 0x088000
[    0.468155] pci 0000:64:0b.3: [8086:204b] type 00 class 0x088000
[    0.468226] pci 0000:64:0c.0: [8086:2040] type 00 class 0x088000
[    0.468313] pci 0000:64:0c.1: [8086:2041] type 00 class 0x088000
[    0.468384] pci 0000:64:0c.2: [8086:2042] type 00 class 0x088000
[    0.468452] pci 0000:64:0c.3: [8086:2043] type 00 class 0x088000
[    0.468522] pci 0000:64:0c.4: [8086:2044] type 00 class 0x088000
[    0.468590] pci 0000:64:0c.5: [8086:2045] type 00 class 0x088000
[    0.468658] pci 0000:64:0c.6: [8086:2046] type 00 class 0x088000
[    0.468727] pci 0000:64:0c.7: [8086:2047] type 00 class 0x088000
[    0.468796] pci 0000:64:0d.0: [8086:2048] type 00 class 0x088000
[    0.468886] pci 0000:64:0d.1: [8086:2049] type 00 class 0x088000
[    0.468957] pci 0000:64:0d.2: [8086:204a] type 00 class 0x088000
[    0.469025] pci 0000:64:0d.3: [8086:204b] type 00 class 0x088000
[    0.469099] pci_bus 0000:64: on NUMA node 0
[    0.469197] ACPI: PCI Root Bridge [PC03] (domain 0000 [bus b2-ff])
[    0.469202] acpi PNP0A08:03: _OSC: OS supports [ExtendedConfig ASPM ClockPM Segments MSI EDR HPX-Type3]
[    0.469566] acpi PNP0A08:03: _OSC: platform does not support [SHPCHotplug AER LTR DPC]
[    0.469855] acpi PNP0A08:03: _OSC: OS now controls [PCIeHotplug PME PCIeCapability]
[    0.470055] PCI host bridge to bus 0000:b2
[    0.470058] pci_bus 0000:b2: root bus resource [mem 0x000a0000-0x000bffff window]
[    0.470062] pci_bus 0000:b2: root bus resource [io  0xc000-0xffff window]
[    0.470065] pci_bus 0000:b2: root bus resource [io  0x03b0-0x03bb window]
[    0.470068] pci_bus 0000:b2: root bus resource [io  0x03c0-0x03df window]
[    0.470071] pci_bus 0000:b2: root bus resource [mem 0xd9000000-0xfbffffff window]
[    0.470074] pci_bus 0000:b2: root bus resource [mem 0x380300000000-0x3803ffffffff window]
[    0.470078] pci_bus 0000:b2: root bus resource [bus b2-ff]
[    0.470096] pci 0000:b2:03.0: [8086:2033] type 01 class 0x060400
[    0.470163] pci 0000:b2:03.0: PME# supported from D0 D3hot D3cold
[    0.470259] pci 0000:b2:05.0: [8086:2034] type 00 class 0x088000
[    0.470340] pci 0000:b2:05.2: [8086:2035] type 00 class 0x088000
[    0.470420] pci 0000:b2:05.4: [8086:2036] type 00 class 0x080020
[    0.470435] pci 0000:b2:05.4: reg 0x10: [mem 0xfbf00000-0xfbf00fff]
[    0.470531] pci 0000:b2:12.0: [8086:204c] type 00 class 0x110100
[    0.470616] pci 0000:b2:12.1: [8086:204d] type 00 class 0x110100
[    0.470674] pci 0000:b2:12.2: [8086:204e] type 00 class 0x088000
[    0.470731] pci 0000:b2:15.0: [8086:2018] type 00 class 0x088000
[    0.470807] pci 0000:b2:16.0: [8086:2018] type 00 class 0x088000
[    0.470883] pci 0000:b2:16.4: [8086:2018] type 00 class 0x088000
[    0.470941] pci 0000:b2:17.0: [8086:2018] type 00 class 0x088000
[    0.471060] pci 0000:b3:00.0: [1002:944c] type 00 class 0x030000
[    0.471084] pci 0000:b3:00.0: reg 0x10: [mem 0xe0000000-0xefffffff 64bit pref]
[    0.471101] pci 0000:b3:00.0: reg 0x18: [mem 0xfbe20000-0xfbe2ffff 64bit]
[    0.471114] pci 0000:b3:00.0: reg 0x20: [io  0xf000-0xf0ff]
[    0.471135] pci 0000:b3:00.0: reg 0x30: [mem 0xfbe00000-0xfbe1ffff pref]
[    0.471160] pci 0000:b3:00.0: Video device with shadowed ROM at [mem 0x000c0000-0x000dffff]
[    0.471185] pci 0000:b3:00.0: supports D1 D2
[    0.471202] pci 0000:b3:00.0: 8.000 Gb/s available PCIe bandwidth, limited by 2.5 GT/s PCIe x4 link at 0000:b2:03.0 (capable of 32.000 Gb/s with 2.5 GT/s PCIe x16 link)
[    0.471267] pci 0000:b3:00.1: [1002:aa30] type 00 class 0x040300
[    0.471291] pci 0000:b3:00.1: reg 0x10: [mem 0xfbe30000-0xfbe33fff 64bit]
[    0.471378] pci 0000:b3:00.1: supports D1 D2
[    0.471422] pci 0000:b2:03.0: ASPM: current common clock configuration is inconsistent, reconfiguring
[    0.480534] pci 0000:b2:03.0: PCI bridge to [bus b3]
[    0.480545] pci 0000:b2:03.0:   bridge window [io  0xf000-0xffff]
[    0.480556] pci 0000:b2:03.0:   bridge window [mem 0xfbe00000-0xfbefffff]
[    0.480570] pci 0000:b2:03.0:   bridge window [mem 0xe0000000-0xefffffff 64bit pref]
[    0.480605] pci_bus 0000:b2: on NUMA node 0
[    0.481029] ACPI: PCI: Interrupt link LNKA configured for IRQ 11
[    0.481086] ACPI: PCI: Interrupt link LNKB configured for IRQ 10
[    0.481141] ACPI: PCI: Interrupt link LNKC configured for IRQ 11
[    0.481196] ACPI: PCI: Interrupt link LNKD configured for IRQ 11
[    0.481252] ACPI: PCI: Interrupt link LNKE configured for IRQ 11
[    0.481308] ACPI: PCI: Interrupt link LNKF configured for IRQ 11
[    0.481363] ACPI: PCI: Interrupt link LNKG configured for IRQ 11
[    0.481418] ACPI: PCI: Interrupt link LNKH configured for IRQ 11
[    0.481503] ACPI BIOS Error (bug): Could not resolve symbol [\SHAD._STA.SDS0], AE_NOT_FOUND (20230331/psargs-330)

[    0.481513] No Local Variables are initialized for Method [_STA]

[    0.481517] No Arguments are initialized for method [_STA]

[    0.481521] ACPI Error: Aborting method \SHAD._STA due to previous error (AE_NOT_FOUND) (20230331/psparse-529)
[    0.481626] iommu: Default domain type: Translated
[    0.481626] iommu: DMA domain TLB invalidation policy: lazy mode
[    0.481626] SCSI subsystem initialized
[    0.481626] libata version 3.00 loaded.
[    0.481626] ACPI: bus type USB registered
[    0.481626] usbcore: registered new interface driver usbfs
[    0.481626] usbcore: registered new interface driver hub
[    0.481626] usbcore: registered new device driver usb
[    0.481626] pps_core: LinuxPPS API ver. 1 registered
[    0.481626] pps_core: Software ver. 5.3.6 - Copyright 2005-2007 Rodolfo Giometti <giometti@linux.it>
[    0.481626] PTP clock support registered
[    0.481626] EDAC MC: Ver: 3.0.0
[    0.481626] NetLabel: Initializing
[    0.481626] NetLabel:  domain hash size = 128
[    0.481626] NetLabel:  protocols = UNLABELED CIPSOv4 CALIPSO
[    0.481626] NetLabel:  unlabeled traffic allowed by default
[    0.481626] mctp: management component transport protocol core
[    0.481626] NET: Registered PF_MCTP protocol family
[    0.481626] PCI: Using ACPI for IRQ routing
[    0.486405] PCI: pci_cache_line_size set to 64 bytes
[    0.486512] e820: reserve RAM buffer [mem 0x0009d800-0x0009ffff]
[    0.486513] e820: reserve RAM buffer [mem 0x355b4000-0x37ffffff]
[    0.486515] e820: reserve RAM buffer [mem 0x368c2000-0x37ffffff]
[    0.486526] pci 0000:b3:00.0: vgaarb: setting as boot VGA device
[    0.486526] pci 0000:b3:00.0: vgaarb: bridge control possible
[    0.486526] pci 0000:b3:00.0: vgaarb: VGA device added: decodes=io+mem,owns=io+mem,locks=none
[    0.486526] vgaarb: loaded
[    0.486526] hpet0: at MMIO 0xfed00000, IRQs 2, 8, 0, 0, 0, 0, 0, 0
[    0.486526] hpet0: 8 comparators, 64-bit 24.000000 MHz counter
[    0.489588] clocksource: Switched to clocksource tsc-early
[    0.498721] VFS: Disk quotas dquot_6.6.0
[    0.498738] VFS: Dquot-cache hash table entries: 512 (order 0, 4096 bytes)
[    0.498867] AppArmor: AppArmor Filesystem Enabled
[    0.498892] pnp: PnP ACPI init
[    0.499270] system 00:01: [io  0x0500-0x053f] has been reserved
[    0.499275] system 00:01: [io  0x0400-0x047f] could not be reserved
[    0.499279] system 00:01: [io  0x0540-0x057f] has been reserved
[    0.499282] system 00:01: [io  0x0600-0x061f] has been reserved
[    0.499285] system 00:01: [io  0x0ca0-0x0ca5] has been reserved
[    0.499288] system 00:01: [io  0x0880-0x0883] has been reserved
[    0.499291] system 00:01: [io  0x0800-0x081f] has been reserved
[    0.499294] system 00:01: [mem 0xfed1c000-0xfed3ffff] has been reserved
[    0.499297] system 00:01: [mem 0xfed45000-0xfed8bfff] has been reserved
[    0.499301] system 00:01: [mem 0xff000000-0xffffffff] has been reserved
[    0.499304] system 00:01: [mem 0xfee00000-0xfeefffff] could not be reserved
[    0.499307] system 00:01: [mem 0xfed12000-0xfed1200f] has been reserved
[    0.499310] system 00:01: [mem 0xfed12010-0xfed1201f] has been reserved
[    0.499313] system 00:01: [mem 0xfed1b000-0xfed1bfff] has been reserved
[    0.499523] system 00:02: [io  0x0a00-0x0a2f] has been reserved
[    0.499527] system 00:02: [io  0x0a30-0x0a3f] has been reserved
[    0.499530] system 00:02: [io  0x0a40-0x0a4f] has been reserved
[    0.499708] system 00:03: [mem 0xfd000000-0xfdabffff] has been reserved
[    0.499712] system 00:03: [mem 0xfdad0000-0xfdadffff] has been reserved
[    0.499715] system 00:03: [mem 0xfdb00000-0xfdffffff] could not be reserved
[    0.499719] system 00:03: [mem 0xfe000000-0xfe00ffff] has been reserved
[    0.499722] system 00:03: [mem 0xfe011000-0xfe01ffff] has been reserved
[    0.499725] system 00:03: [mem 0xfe036000-0xfe03bfff] has been reserved
[    0.499728] system 00:03: [mem 0xfe03d000-0xfe3fffff] has been reserved
[    0.499731] system 00:03: [mem 0xfe410000-0xfe7fffff] has been reserved
[    0.499928] system 00:04: [io  0x0f00-0x0ffe] has been reserved
[    0.500820] system 00:05: [mem 0xfdaf0000-0xfdafffff] has been reserved
[    0.500824] system 00:05: [mem 0xfdae0000-0xfdaeffff] has been reserved
[    0.500828] system 00:05: [mem 0xfdac0000-0xfdacffff] has been reserved
[    0.501553] ACPI BIOS Error (bug): Could not resolve symbol [\SHAD._STA.SDS0], AE_NOT_FOUND (20230331/psargs-330)

[    0.501563] No Local Variables are initialized for Method [_STA]

[    0.501567] No Arguments are initialized for method [_STA]

[    0.501571] ACPI Error: Aborting method \SHAD._STA due to previous error (AE_NOT_FOUND) (20230331/psparse-529)
[    0.501580] pnp: PnP ACPI: found 6 devices
[    0.507249] clocksource: acpi_pm: mask: 0xffffff max_cycles: 0xffffff, max_idle_ns: 2085701024 ns
[    0.507292] pci 0000:00:1f.1: [8086:a2a0] type 00 class 0x058000
[    0.507351] pci 0000:00:1f.1: reg 0x10: [mem 0xfd000000-0xfdffffff 64bit]
[    0.507668] NET: Registered PF_INET protocol family
[    0.507806] IP idents hash table entries: 262144 (order: 9, 2097152 bytes, linear)
[    0.510049] tcp_listen_portaddr_hash hash table entries: 16384 (order: 6, 262144 bytes, linear)
[    0.510083] Table-perturb hash table entries: 65536 (order: 6, 262144 bytes, linear)
[    0.510214] TCP established hash table entries: 262144 (order: 9, 2097152 bytes, linear)
[    0.510454] TCP bind hash table entries: 65536 (order: 9, 2097152 bytes, linear)
[    0.510620] TCP: Hash tables configured (established 262144 bind 65536)
[    0.510780] MPTCP token hash table entries: 32768 (order: 7, 786432 bytes, linear)
[    0.510855] UDP hash table entries: 16384 (order: 7, 524288 bytes, linear)
[    0.510919] UDP-Lite hash table entries: 16384 (order: 7, 524288 bytes, linear)
[    0.511007] NET: Registered PF_UNIX/PF_LOCAL protocol family
[    0.511015] NET: Registered PF_XDP protocol family
[    0.511026] pci 0000:00:1d.0: bridge window [io  0x1000-0x0fff] to [bus 04] add_size 1000
[    0.511032] pci 0000:00:1d.0: bridge window [mem 0x00100000-0x000fffff 64bit pref] to [bus 04] add_size 200000 add_align 100000
[    0.511037] pci 0000:00:1d.0: bridge window [mem 0x00100000-0x000fffff] to [bus 04] add_size 200000 add_align 100000
[    0.511047] pci 0000:00:1d.0: BAR 14: assigned [mem 0x70000000-0x701fffff]
[    0.511052] pci 0000:00:1d.0: BAR 15: assigned [mem 0x380000000000-0x3800001fffff 64bit pref]
[    0.511056] pci 0000:00:1d.0: BAR 13: assigned [io  0x1000-0x1fff]
[    0.511061] pci 0000:00:1b.0: PCI bridge to [bus 01]
[    0.511082] pci 0000:00:1c.0: PCI bridge to [bus 02]
[    0.511102] pci 0000:00:1c.4: PCI bridge to [bus 03]
[    0.511110] pci 0000:00:1c.4:   bridge window [mem 0x92e00000-0x92efffff]
[    0.511124] pci 0000:00:1d.0: PCI bridge to [bus 04]
[    0.511127] pci 0000:00:1d.0:   bridge window [io  0x1000-0x1fff]
[    0.511135] pci 0000:00:1d.0:   bridge window [mem 0x70000000-0x701fffff]
[    0.511142] pci 0000:00:1d.0:   bridge window [mem 0x380000000000-0x3800001fffff 64bit pref]
[    0.511153] pci_bus 0000:00: resource 4 [io  0x0000-0x0cf7 window]
[    0.511156] pci_bus 0000:00: resource 5 [io  0x1000-0x3fff window]
[    0.511159] pci_bus 0000:00: resource 6 [mem 0x000c4000-0x000c7fff window]
[    0.511162] pci_bus 0000:00: resource 7 [mem 0xfe010000-0xfe010fff window]
[    0.511165] pci_bus 0000:00: resource 8 [mem 0x70000000-0x92ffffff window]
[    0.511168] pci_bus 0000:00: resource 9 [mem 0x380000000000-0x3800ffffffff window]
[    0.511172] pci_bus 0000:03: resource 1 [mem 0x92e00000-0x92efffff]
[    0.511175] pci_bus 0000:04: resource 0 [io  0x1000-0x1fff]
[    0.511178] pci_bus 0000:04: resource 1 [mem 0x70000000-0x701fffff]
[    0.511181] pci_bus 0000:04: resource 2 [mem 0x380000000000-0x3800001fffff 64bit pref]
[    0.511297] pci_bus 0000:16: resource 4 [io  0x4000-0x7fff window]
[    0.511300] pci_bus 0000:16: resource 5 [mem 0x93000000-0xb5ffffff window]
[    0.511303] pci_bus 0000:16: resource 6 [mem 0x380100000000-0x3801ffffffff window]
[    0.511328] pci_bus 0000:64: resource 4 [io  0x8000-0xbfff window]
[    0.511331] pci_bus 0000:64: resource 5 [mem 0xb6000000-0xd8ffffff window]
[    0.511335] pci_bus 0000:64: resource 6 [mem 0x380200000000-0x3802ffffffff window]
[    0.511354] pci 0000:b2:03.0: PCI bridge to [bus b3]
[    0.511357] pci 0000:b2:03.0:   bridge window [io  0xf000-0xffff]
[    0.511365] pci 0000:b2:03.0:   bridge window [mem 0xfbe00000-0xfbefffff]
[    0.511371] pci 0000:b2:03.0:   bridge window [mem 0xe0000000-0xefffffff 64bit pref]
[    0.511381] pci_bus 0000:b2: resource 4 [mem 0x000a0000-0x000bffff window]
[    0.511384] pci_bus 0000:b2: resource 5 [io  0xc000-0xffff window]
[    0.511387] pci_bus 0000:b2: resource 6 [io  0x03b0-0x03bb window]
[    0.511390] pci_bus 0000:b2: resource 7 [io  0x03c0-0x03df window]
[    0.511393] pci_bus 0000:b2: resource 8 [mem 0xd9000000-0xfbffffff window]
[    0.511396] pci_bus 0000:b2: resource 9 [mem 0x380300000000-0x3803ffffffff window]
[    0.511399] pci_bus 0000:b3: resource 0 [io  0xf000-0xffff]
[    0.511402] pci_bus 0000:b3: resource 1 [mem 0xfbe00000-0xfbefffff]
[    0.511405] pci_bus 0000:b3: resource 2 [mem 0xe0000000-0xefffffff 64bit pref]
[    0.512112] pci 0000:03:00.0: PME# does not work under D0, disabling it
[    0.512250] pci 0000:16:05.0: disabled boot interrupts on device [8086:2034]
[    0.512308] pci 0000:64:05.0: disabled boot interrupts on device [8086:2034]
[    0.512345] pci 0000:b2:05.0: disabled boot interrupts on device [8086:2034]
[    0.512360] pci 0000:b3:00.0: CLS mismatch (64 != 32), using 64 bytes
[    0.512390] pci 0000:b3:00.1: D0 power state depends on 0000:b3:00.0
[    0.512425] DMAR: Host address width 46
[    0.512427] DMAR: DRHD base: 0x000000b5ffc000 flags: 0x0
[    0.512435] DMAR: dmar0: reg_base_addr b5ffc000 ver 1:0 cap 8d2078c106f0466 ecap f020df
[    0.512440] DMAR: DRHD base: 0x000000d8ffc000 flags: 0x0
[    0.512446] DMAR: dmar1: reg_base_addr d8ffc000 ver 1:0 cap 8d2078c106f0466 ecap f020df
[    0.512450] DMAR: DRHD base: 0x000000fbffc000 flags: 0x0
[    0.512456] DMAR: dmar2: reg_base_addr fbffc000 ver 1:0 cap 8d2078c106f0466 ecap f020df
[    0.512458] Trying to unpack rootfs image as initramfs...
[    0.512459] DMAR: DRHD base: 0x00000092ffc000 flags: 0x1
[    0.512463] DMAR: dmar3: reg_base_addr 92ffc000 ver 1:0 cap 8d2078c106f0466 ecap f020df
[    0.512469] DMAR: RMRR base: 0x000000376fa000 end: 0x000000376fcfff
[    0.512472] DMAR: ATSR flags: 0x0
[    0.512500] PCI-DMA: Using software bounce buffering for IO (SWIOTLB)
[    0.512503] software IO TLB: mapped [mem 0x000000004c000000-0x0000000050000000] (64MB)
[    0.522344] Initialise system trusted keyrings
[    0.522357] Key type blacklist registered
[    0.522387] workingset: timestamp_bits=36 max_order=23 bucket_order=0
[    0.522400] zbud: loaded
[    0.522623] squashfs: version 4.0 (2009/01/31) Phillip Lougher
[    0.522694] fuse: init (API version 7.38)
[    0.522813] integrity: Platform Keyring initialized
[    0.522816] integrity: Machine keyring initialized
[    0.529344] Key type asymmetric registered
[    0.529348] Asymmetric key parser 'x509' registered
[    0.529362] Block layer SCSI generic (bsg) driver version 0.4 loaded (major 243)
[    0.529402] io scheduler mq-deadline registered
[    0.529841] pcieport 0000:00:1b.0: PME: Signaling with IRQ 24
[    0.530046] pcieport 0000:00:1c.0: PME: Signaling with IRQ 25
[    0.530157] pcieport 0000:00:1c.4: PME: Signaling with IRQ 26
[    0.530334] pcieport 0000:00:1d.0: PME: Signaling with IRQ 27
[    0.530355] pcieport 0000:00:1d.0: pciehp: Slot #0 AttnBtn- PwrCtrl- MRL- AttnInd- PwrInd- HotPlug+ Surprise+ Interlock- NoCompl+ IbPresDis- LLActRep+
[    0.530578] pcieport 0000:b2:03.0: PME: Signaling with IRQ 29
[    0.530712] shpchp: Standard Hot Plug PCI Controller Driver version: 0.4
[    0.530859] Monitor-Mwait will be used to enter C-1 state
[    0.530863] Monitor-Mwait will be used to enter C-2 state
[    0.530865] ACPI: \_SB_.SCK0.CP00: Found 2 idle states
[    0.532010] input: Sleep Button as /devices/LNXSYSTM:00/LNXSYBUS:00/PNP0C0E:00/input/input0
[    0.532035] ACPI: button: Sleep Button [SLPB]
[    0.532073] input: Power Button as /devices/LNXSYSTM:00/LNXSYBUS:00/PNP0C0C:00/input/input1
[    0.532089] ACPI: button: Power Button [PWRB]
[    0.532113] input: Power Button as /devices/LNXSYSTM:00/LNXPWRBN:00/input/input2
[    0.532143] ACPI: button: Power Button [PWRF]
[    0.534993] Serial: 8250/16550 driver, 32 ports, IRQ sharing enabled
[    0.536762] Linux agpgart interface v0.103
[    0.541887] loop: module loaded
[    0.542155] tun: Universal TUN/TAP device driver, 1.6
[    0.542183] PPP generic driver version 2.4.2
[    0.542292] i8042: PNP: No PS/2 controller found.
[    0.542328] mousedev: PS/2 mouse device common for all mice
[    0.542411] rtc_cmos 00:00: RTC can wake from S4
[    0.543063] rtc_cmos 00:00: registered as rtc0
[    0.543190] rtc_cmos 00:00: setting system clock to 2024-06-11T02:22:12 UTC (1718072532)
[    0.543214] rtc_cmos 00:00: alarms up to one month, y3k, 114 bytes nvram
[    0.543222] i2c_dev: i2c /dev entries driver
[    0.544348] device-mapper: core: CONFIG_IMA_DISABLE_HTABLE is disabled. Duplicate IMA measurements will not be recorded in the IMA log.
[    0.544359] device-mapper: uevent: version 1.0.3
[    0.544396] device-mapper: ioctl: 4.48.0-ioctl (2023-03-01) initialised: dm-devel@redhat.com
[    0.544417] platform eisa.0: Probing EISA bus 0
[    0.544420] platform eisa.0: EISA: Cannot allocate resource for mainboard
[    0.544423] platform eisa.0: Cannot allocate resource for EISA slot 1
[    0.544426] platform eisa.0: Cannot allocate resource for EISA slot 2
[    0.544429] platform eisa.0: Cannot allocate resource for EISA slot 3
[    0.544432] platform eisa.0: Cannot allocate resource for EISA slot 4
[    0.544435] platform eisa.0: Cannot allocate resource for EISA slot 5
[    0.544438] platform eisa.0: Cannot allocate resource for EISA slot 6
[    0.544441] platform eisa.0: Cannot allocate resource for EISA slot 7
[    0.544444] platform eisa.0: Cannot allocate resource for EISA slot 8
[    0.544446] platform eisa.0: EISA: Detected 0 cards
[    0.544450] intel_pstate: Intel P-state driver initializing
[    0.548447] intel_pstate: HWP enabled
[    0.548685] ledtrig-cpu: registered to indicate activity on CPUs
[    0.548718] vesafb: mode is 1280x1024x32, linelength=5120, pages=0
[    0.548723] vesafb: scrolling: redraw
[    0.548726] vesafb: Truecolor: size=0:8:8:8, shift=0:16:8:0
[    0.548741] vesafb: framebuffer at 0xe0000000, mapped to 0x0000000077eb1307, using 5120k, total 5120k
[    0.548833] Console: switching to colour frame buffer device 160x64
[    0.640636] Freeing initrd memory: 101988K
[    0.682603] fb0: VESA VGA frame buffer device
[    0.683732] drop_monitor: Initializing network drop monitor service
[    0.712582] NET: Registered PF_INET6 protocol family
[    0.729723] Segment Routing with IPv6
[    0.730388] In-situ OAM (IOAM) with IPv6
[    0.731113] NET: Registered PF_PACKET protocol family
[    0.732119] Key type dns_resolver registered
[    0.740280] microcode: Microcode Update Driver: v2.2.
[    0.740943] resctrl: MB allocation detected
[    0.742732] IPI shorthand broadcast: enabled
[    0.747761] sched_clock: Marking stable (748001874, -2963675)->(769510303, -24472104)
[    0.749717] registered taskstats version 1
[    0.755445] Loading compiled-in X.509 certificates
[    0.757380] Loaded X.509 cert 'Build time autogenerated kernel key: d93997c5ef744b4ef5aee8d8c1f31459daea55b5'
[    0.760143] Loaded X.509 cert 'Canonical Ltd. Live Patch Signing: 14df34d1a87cf37625abec039ef2bf521249b969'
[    0.762912] Loaded X.509 cert 'Canonical Ltd. Kernel Module Signing: 88f752e560a1e0737e31163a466ad7b70a850c19'
[    0.764863] blacklist: Loading compiled-in revocation X.509 certificates
[    0.766205] Loaded X.509 cert 'Canonical Ltd. Secure Boot Signing: 61482aa2830d0ab2ad5af10b7250da9033ddcef0'
[    0.768146] Loaded X.509 cert 'Canonical Ltd. Secure Boot Signing (2017): 242ade75ac4a15e50d50c84b0d45ff3eae707a03'
[    0.770279] Loaded X.509 cert 'Canonical Ltd. Secure Boot Signing (ESM 2018): 365188c1d374d6b07c3c8f240f8ef722433d6a8b'
[    0.772358] Loaded X.509 cert 'Canonical Ltd. Secure Boot Signing (2019): c0746fd6c5da3ae827864651ad66ae47fe24b3e8'
[    0.774350] Loaded X.509 cert 'Canonical Ltd. Secure Boot Signing (2021 v1): a8d54bbb3825cfb94fa13c9f8a594a195c107b8d'
[    0.776388] Loaded X.509 cert 'Canonical Ltd. Secure Boot Signing (2021 v2): 4cf046892d6fd3c9a5b03f98d845f90851dc6a8c'
[    0.778458] Loaded X.509 cert 'Canonical Ltd. Secure Boot Signing (2021 v3): 100437bb6de6e469b581e61cd66bce3ef4ed53af'
[    0.780576] Loaded X.509 cert 'Canonical Ltd. Secure Boot Signing (Ubuntu Core 2019): c1d57b8f6b743f23ee41f4f7ee292f06eecadfb9'
[    0.784477] Key type .fscrypt registered
[    0.785216] Key type fscrypt-provisioning registered
[    0.793756] Key type encrypted registered
[    0.794480] AppArmor: AppArmor sha1 policy hashing enabled
[    0.795476] ima: No TPM chip found, activating TPM-bypass!
[    0.796465] Loading compiled-in module X.509 certificates
[    0.797826] Loaded X.509 cert 'Build time autogenerated kernel key: d93997c5ef744b4ef5aee8d8c1f31459daea55b5'
[    0.799613] ima: Allocated hash algorithm: sha1
[    0.800435] ima: No architecture policies found
[    0.801262] evm: Initialising EVM extended attributes:
[    0.802204] evm: security.selinux
[    0.802779] evm: security.SMACK64
[    0.803354] evm: security.SMACK64EXEC
[    0.847460] evm: security.SMACK64TRANSMUTE
[    0.886343] evm: security.SMACK64MMAP
[    0.924038] evm: security.apparmor
[    0.961296] evm: security.ima
[    0.997735] evm: security.capability
[    1.033910] evm: HMAC attrs: 0x1
[    1.070103] PM:   Magic number: 12:856:358
[    1.106019] machinecheck machinecheck14: hash matches
[    1.147429] RAS: Correctable Errors collector initialized.
[    1.184706] clk: Disabling unused clocks
[    1.223191] Freeing unused decrypted memory: 2036K
[    1.262033] Freeing unused kernel image (initmem) memory: 4820K
[    1.313114] Write protecting the kernel read-only data: 34816k
[    1.353390] Freeing unused kernel image (rodata/data gap) memory: 796K
[    1.429275] x86/mm: Checked W+X mappings: passed, no W+X pages found.
[    1.469366] x86/mm: Checking user space page tables
[    1.543733] x86/mm: Checked W+X mappings: passed, no W+X pages found.
[    1.561056] tsc: Refined TSC clocksource calibration: 3095.999 MHz
[    1.583940] Run /init as init process
[    1.625554] clocksource: tsc: mask: 0xffffffffffffffff max_cycles: 0x2ca0846bcce, max_idle_ns: 440795348689 ns
[    1.665600]   with arguments:
[    1.665601]     /init
[    1.665602]   with environment:
[    1.708329]     HOME=/
[    1.708329]     TERM=linux
[    1.708330]     BOOT_IMAGE=/vmlinuz-6.5.0-41-generic
[    1.708457] clocksource: Switched to clocksource tsc
[    2.024577] acpi PNP0C14:03: duplicate WMI GUID DEADBEEF-4001-0000-00A0-C90629100000 (first instance was on PNP0C14:03)
[    2.073282] cryptd: max_cpu_qlen set to 1000
[    2.122265] xhci_hcd 0000:00:14.0: xHCI Host Controller
[    2.171100] xhci_hcd 0000:00:14.0: new USB bus registered, assigned bus number 1
[    2.216623] xhci_hcd 0000:00:14.0: hcc params 0x200077c1 hci version 0x100 quirks 0x0000000000009810
[    2.261519] xhci_hcd 0000:00:14.0: xHCI Host Controller
[    2.305986] xhci_hcd 0000:00:14.0: new USB bus registered, assigned bus number 2
[    2.350964] xhci_hcd 0000:00:14.0: Host supports USB 3.0 SuperSpeed
[    2.395769] usb usb1: New USB device found, idVendor=1d6b, idProduct=0002, bcdDevice= 6.05
[    2.441422] usb usb1: New USB device strings: Mfr=3, Product=2, SerialNumber=1
[    2.486959] usb usb1: Product: xHCI Host Controller
[    2.532419] usb usb1: Manufacturer: Linux 6.5.0-41-generic xhci-hcd
[    2.578182] usb usb1: SerialNumber: 0000:00:14.0
[    2.623610] hub 1-0:1.0: USB hub found
[    2.668295] hub 1-0:1.0: 16 ports detected
[    2.713624] e1000e: Intel(R) PRO/1000 Network Driver
[    2.713720] ahci 0000:00:17.0: version 3.0
[    2.760578] e1000e: Copyright(c) 1999 - 2015 Intel Corporation.
[    2.804463] ACPI: bus type drm_connector registered
[    2.804537] e1000e 0000:00:1f.6: Interrupt Throttling Rate (ints/sec) set to dynamic conservative mode
[    2.894672] AVX2 version of gcm_enc/dec engaged.
[    2.896365] usb usb2: New USB device found, idVendor=1d6b, idProduct=0003, bcdDevice= 6.05
[    2.981447] usb usb2: New USB device strings: Mfr=3, Product=2, SerialNumber=1
[    3.025243] usb usb2: Product: xHCI Host Controller
[    3.068783] usb usb2: Manufacturer: Linux 6.5.0-41-generic xhci-hcd
[    3.112497] usb usb2: SerialNumber: 0000:00:14.0
[    3.156202] AES CTR mode by8 optimization enabled
[    3.156409] hub 2-0:1.0: USB hub found
[    3.169319] usb 1-3: new low-speed USB device number 2 using xhci_hcd
[    3.285430] ahci 0000:00:17.0: AHCI 0001.0301 32 slots 8 ports 6 Gbps 0xff impl SATA mode
[    3.320769] usb 1-3: New USB device found, idVendor=046d, idProduct=c077, bcdDevice=72.00
[    3.329055] ahci 0000:00:17.0: flags: 64bit ncq sntf pm led clo only pio slum part ems deso sadm sds apst 
[    3.375431] usb 1-3: New USB device strings: Mfr=1, Product=2, SerialNumber=0
[    3.465686] usb 1-3: Product: USB Optical Mouse
[    3.510612] usb 1-3: Manufacturer: Logitech
[    3.517813] hub 2-0:1.0: 10 ports detected
[    3.573230] workqueue: do_free_init hogged CPU for >10000us 4 times, consider switching to WQ_UNBOUND
[    3.681259] usb 1-4: new low-speed USB device number 3 using xhci_hcd
[    3.694820] usb: port power management may be unreliable
[    3.776788] [drm] radeon kernel modesetting enabled.
[    3.779229] xhci_hcd 0000:03:00.0: xHCI Host Controller
[    3.820925] workqueue: work_for_cpu_fn hogged CPU for >10000us 4 times, consider switching to WQ_UNBOUND
[    3.882272] usb 1-4: New USB device found, idVendor=1a2c, idProduct=2d23, bcdDevice= 1.10
[    3.914534] xhci_hcd 0000:03:00.0: new USB bus registered, assigned bus number 3
[    3.961898] usb 1-4: New USB device strings: Mfr=1, Product=2, SerialNumber=0
[    4.060390] usb 1-4: Product: USB Keyboard
[    4.060391] usb 1-4: Manufacturer: USB
[    4.075735] Console: switching to colour dummy device 80x25
[    4.075761] radeon 0000:b3:00.0: vgaarb: deactivate vga console
[    4.075935] [drm] initializing kernel modesetting (RV770 0x1002:0x944C 0x1787:0x2273 0x00).
[    4.075966] resource: resource sanity check: requesting [mem 0x00000000000c0000-0x00000000000dffff], which spans more than PCI Bus 0000:00 [mem 0x000c4000-0x000c7fff window]
[    4.075973] caller pci_map_rom+0x6c/0x1d0 mapping multiple BARs
[    4.075994] ATOM BIOS: R770
[    4.076025] radeon 0000:b3:00.0: VRAM: 512M 0x0000000000000000 - 0x000000001FFFFFFF (512M used)
[    4.076029] radeon 0000:b3:00.0: GTT: 1024M 0x0000000020000000 - 0x000000005FFFFFFF
[    4.076034] [drm] Detected VRAM RAM=512M, BAR=256M
[    4.076037] [drm] RAM width 256bits DDR
[    4.076080] [drm] radeon: 512M of VRAM memory ready
[    4.076082] [drm] radeon: 1024M of GTT memory ready.
[    4.076088] [drm] Loading RV770 Microcode
[    4.076343] [drm] Internal thermal controller with fan control
[    4.076348] ================================================================================
[    4.076351] UBSAN: array-index-out-of-bounds in /build/linux-2SXwqH/linux-6.5.0/drivers/gpu/drm/radeon/radeon_atombios.c:2620:43
[    4.076356] index 1 is out of range for type 'UCHAR [1]'
[    4.076359] CPU: 0 PID: 431 Comm: kworker/0:4 Not tainted 6.5.0-41-generic #41-Ubuntu
[    4.076363] Hardware name: Gigabyte Technology Co., Ltd. X299 UD4 Pro/X299 UD4 Pro-CF, BIOS F3 12/28/2017
[    4.076366] Workqueue: events work_for_cpu_fn
[    4.076373] Call Trace:
[    4.076376]  <TASK>
[    4.076378]  dump_stack_lvl+0x48/0x70
[    4.076384]  dump_stack+0x10/0x20
[    4.076386]  __ubsan_handle_out_of_bounds+0xc6/0x110
[    4.076393]  radeon_atombios_parse_power_table_4_5+0x3c9/0x3f0 [radeon]
[    4.076446]  radeon_atombios_get_power_modes+0x205/0x210 [radeon]
[    4.076493]  radeon_pm_init_old+0x141/0x230 [radeon]
[    4.076558]  radeon_pm_init+0x96/0x100 [radeon]
[    4.076618]  rv770_init+0x1fa/0x3d0 [radeon]
[    4.076677]  radeon_device_init+0x53d/0xa90 [radeon]
[    4.076725]  radeon_driver_load_kms+0xcc/0x2f0 [radeon]
[    4.076772]  drm_dev_register+0x10b/0x270 [drm]
[    4.076814]  radeon_pci_probe+0xec/0x180 [radeon]
[    4.076861]  local_pci_probe+0x44/0xb0
[    4.076866]  work_for_cpu_fn+0x17/0x30
[    4.076869]  process_one_work+0x220/0x440
[    4.076873]  worker_thread+0x1df/0x3f0
[    4.076876]  ? _raw_spin_lock_irqsave+0xe/0x20
[    4.076881]  ? __pfx_worker_thread+0x10/0x10
[    4.076884]  kthread+0xef/0x120
[    4.076888]  ? __pfx_kthread+0x10/0x10
[    4.076891]  ret_from_fork+0x44/0x70
[    4.076895]  ? __pfx_kthread+0x10/0x10
[    4.076898]  ret_from_fork_asm+0x1b/0x30
[    4.076903]  </TASK>
[    4.076905] ================================================================================
[    4.076941] [drm] radeon: power management initialized
[    4.077388] [drm] GART: num cpu pages 262144, num gpu pages 262144
[    4.077834] [drm] enabling PCIE gen 2 link speeds, disable with radeon.pcie_gen2=0
[    4.083946] [drm] PCIE GART of 1024M enabled (table at 0x0000000000146000).
[    4.083986] radeon 0000:b3:00.0: WB enabled
[    4.083989] radeon 0000:b3:00.0: fence driver on ring 0 use gpu addr 0x0000000020000c00
[    4.083993] radeon 0000:b3:00.0: fence driver on ring 3 use gpu addr 0x0000000020000c0c
[    4.084740] radeon 0000:b3:00.0: fence driver on ring 5 use gpu addr 0x0000000000056230
[    4.084789] xhci_hcd 0000:03:00.0: hcc params 0x0200ef80 hci version 0x110 quirks 0x0000000000800010
[    4.085060] xhci_hcd 0000:03:00.0: xHCI Host Controller
[    4.085064] xhci_hcd 0000:03:00.0: new USB bus registered, assigned bus number 4
[    4.085069] xhci_hcd 0000:03:00.0: Host supports USB 3.1 Enhanced SuperSpeed
[    4.085116] usb usb3: New USB device found, idVendor=1d6b, idProduct=0002, bcdDevice= 6.05
[    4.085122] usb usb3: New USB device strings: Mfr=3, Product=2, SerialNumber=1
[    4.085126] usb usb3: Product: xHCI Host Controller
[    4.085129] usb usb3: Manufacturer: Linux 6.5.0-41-generic xhci-hcd
[    4.085131] usb usb3: SerialNumber: 0000:03:00.0
[    4.085159] radeon 0000:b3:00.0: radeon: MSI limited to 32-bit
[    4.085191] radeon 0000:b3:00.0: radeon: using MSI.
[    4.085210] [drm] radeon: irq initialized.
[    4.100418] hub 3-0:1.0: USB hub found
[    4.100425] hub 3-0:1.0: 2 ports detected
[    4.100509] usb usb4: We don't know the algorithms for LPM for this host, disabling LPM.
[    4.100526] usb usb4: New USB device found, idVendor=1d6b, idProduct=0003, bcdDevice= 6.05
[    4.100530] usb usb4: New USB device strings: Mfr=3, Product=2, SerialNumber=1
[    4.100533] usb usb4: Product: xHCI Host Controller
[    4.100536] usb usb4: Manufacturer: Linux 6.5.0-41-generic xhci-hcd
[    4.100538] usb usb4: SerialNumber: 0000:03:00.0
[    4.100711] hub 4-0:1.0: USB hub found
[    4.100720] hub 4-0:1.0: 2 ports detected
[    4.118143] hid: raw HID events driver (C) Jiri Kosina
[    4.127610] usbcore: registered new interface driver usbhid
[    4.127620] usbhid: USB HID core driver
[    4.133200] input: Logitech USB Optical Mouse as /devices/pci0000:00/0000:00:14.0/usb1/1-3/1-3:1.0/0003:046D:C077.0001/input/input3
[    4.133374] hid-generic 0003:046D:C077.0001: input,hidraw0: USB HID v1.11 Mouse [Logitech USB Optical Mouse] on usb-0000:00:14.0-3/input0
[    4.133714] input: USB USB Keyboard as /devices/pci0000:00/0000:00:14.0/usb1/1-4/1-4:1.0/0003:1A2C:2D23.0002/input/input4
[    4.142217] [drm] ring test on 0 succeeded in 1 usecs
[    4.142226] [drm] ring test on 3 succeeded in 2 usecs
[    4.142246] scsi host0: ahci
[    4.193491] hid-generic 0003:1A2C:2D23.0002: input,hidraw1: USB HID v1.10 Keyboard [USB USB Keyboard] on usb-0000:00:14.0-4/input0
[    4.193881] input: USB USB Keyboard Consumer Control as /devices/pci0000:00/0000:00:14.0/usb1/1-4/1-4:1.1/0003:1A2C:2D23.0003/input/input5
[    4.253468] input: USB USB Keyboard System Control as /devices/pci0000:00/0000:00:14.0/usb1/1-4/1-4:1.1/0003:1A2C:2D23.0003/input/input6
[    4.253592] hid-generic 0003:1A2C:2D23.0003: input,hidraw2: USB HID v1.10 Device [USB USB Keyboard] on usb-0000:00:14.0-4/input1
[    4.322672] scsi host1: ahci
[    4.322712] e1000e 0000:00:1f.6 0000:00:1f.6 (uninitialized): registered PHC clock
[    4.322735] [drm] ring test on 5 succeeded in 1 usecs
[    4.322741] [drm] UVD initialized successfully.
[    4.322756] scsi host2: ahci
[    4.322965] scsi host3: ahci
[    4.323028] [drm] ib test on ring 0 succeeded in 0 usecs
[    4.323049] [drm] ib test on ring 3 succeeded in 0 usecs
[    4.472078] scsi host4: ahci
[    4.472163] scsi host5: ahci
[    4.472230] scsi host6: ahci
[    4.472316] scsi host7: ahci
[    4.472347] ata1: SATA max UDMA/133 abar m2048@0x92f6b000 port 0x92f6b100 irq 32
[    4.472352] ata2: SATA max UDMA/133 abar m2048@0x92f6b000 port 0x92f6b180 irq 32
[    4.472355] ata3: SATA max UDMA/133 abar m2048@0x92f6b000 port 0x92f6b200 irq 32
[    4.472359] ata4: SATA max UDMA/133 abar m2048@0x92f6b000 port 0x92f6b280 irq 32
[    4.472362] ata5: SATA max UDMA/133 abar m2048@0x92f6b000 port 0x92f6b300 irq 32
[    4.472366] ata6: SATA max UDMA/133 abar m2048@0x92f6b000 port 0x92f6b380 irq 32
[    4.472369] ata7: SATA max UDMA/133 abar m2048@0x92f6b000 port 0x92f6b400 irq 32
[    4.472373] ata8: SATA max UDMA/133 abar m2048@0x92f6b000 port 0x92f6b480 irq 32
[    4.528202] e1000e 0000:00:1f.6 eth0: (PCI Express:2.5GT/s:Width x1) e0:d5:5e:ad:03:5e
[    4.528221] e1000e 0000:00:1f.6 eth0: Intel(R) PRO/1000 Network Connection
[    4.528291] e1000e 0000:00:1f.6 eth0: MAC: 12, PHY: 12, PBA No: FFFFFF-0FF
[    4.789284] ata4: SATA link down (SStatus 4 SControl 300)
[    4.789324] ata6: SATA link down (SStatus 4 SControl 300)
[    4.789359] ata7: SATA link down (SStatus 4 SControl 300)
[    4.789388] ata1: SATA link down (SStatus 4 SControl 300)
[    4.789416] ata2: SATA link up 6.0 Gbps (SStatus 133 SControl 300)
[    4.789445] ata3: SATA link down (SStatus 4 SControl 300)
[    4.789470] ata5: SATA link down (SStatus 4 SControl 300)
[    4.789502] ata8: SATA link down (SStatus 4 SControl 300)
[    4.789726] ata2.00: failed to read native max address (err_mask=0x1)
[    4.789737] ata2.00: HPA support seems broken, skipping HPA handling
[    4.789747] ata2.00: ATA-11: MZ7KH480HAHQ0D3,     HF56, max UDMA/133
[    4.791173] ata2.00: 937703088 sectors, multi 16: LBA48 NCQ (depth 32), AA
[    4.791642] ata2.00: Features: NCQ-sndrcv
[    4.793792] ata2.00: configured for UDMA/133
[    4.794076] scsi 1:0:0:0: Direct-Access     ATA      MZ7KH480HAHQ0D3  HF56 PQ: 0 ANSI: 5
[    4.794606] sd 1:0:0:0: Attached scsi generic sg0 type 0
[    4.794826] sd 1:0:0:0: [sda] 937703088 512-byte logical blocks: (480 GB/447 GiB)
[    4.794851] sd 1:0:0:0: [sda] 4096-byte physical blocks
[    4.794926] sd 1:0:0:0: [sda] Write Protect is off
[    4.794944] sd 1:0:0:0: [sda] Mode Sense: 00 3a 00 00
[    4.795000] sd 1:0:0:0: [sda] Write cache: enabled, read cache: enabled, doesn't support DPO or FUA
[    4.795088] sd 1:0:0:0: [sda] Preferred minimum I/O size 4096 bytes
[    4.796953]  sda: sda1 sda2 sda3
[    4.797280] sd 1:0:0:0: [sda] Attached SCSI disk
[    4.829404] e1000e 0000:00:1f.6 enp0s31f6: renamed from eth0
[    4.973348] [drm] ib test on ring 5 succeeded
[    4.974435] [drm] Radeon Display Connectors
[    4.974448] [drm] Connector 0:
[    4.974454] [drm]   HDMI-A-1
[    4.974459] [drm]   HPD1
[    4.974464] [drm]   DDC: 0x7e60 0x7e60 0x7e64 0x7e64 0x7e68 0x7e68 0x7e6c 0x7e6c
[    4.974477] [drm]   Encoders:
[    4.974482] [drm]     DFP1: INTERNAL_UNIPHY
[    4.974489] [drm] Connector 1:
[    4.974494] [drm]   VGA-1
[    4.974499] [drm]   DDC: 0x7e50 0x7e50 0x7e54 0x7e54 0x7e58 0x7e58 0x7e5c 0x7e5c
[    4.974510] [drm]   Encoders:
[    4.974515] [drm]     CRT2: INTERNAL_KLDSCP_DAC2
[    4.974522] [drm] Connector 2:
[    4.974527] [drm]   DVI-I-1
[    4.974532] [drm]   HPD2
[    4.974536] [drm]   DDC: 0x7e40 0x7e40 0x7e44 0x7e44 0x7e48 0x7e48 0x7e4c 0x7e4c
[    4.974547] [drm]   Encoders:
[    4.974552] [drm]     CRT1: INTERNAL_KLDSCP_DAC1
[    4.974558] [drm]     DFP2: INTERNAL_KLDSCP_LVTMA
[    4.974564] [drm] Connector 3:
[    4.974569] [drm]   DIN-1
[    4.974574] [drm]   Encoders:
[    4.974579] [drm]     TV1: INTERNAL_KLDSCP_DAC2
[    4.974653] [drm] Initialized radeon 2.50.0 20080528 for 0000:b3:00.0 on minor 0
[    5.087482] [drm] fb mappable at 0xE0347000
[    5.087497] [drm] vram apper at 0xE0000000
[    5.087504] [drm] size 8294400
[    5.087509] [drm] fb depth is 24
[    5.087515] [drm]    pitch is 7680
[    5.087653] fbcon: radeondrmfb (fb0) is primary device
[    5.110373] Console: switching to colour frame buffer device 240x67
[    5.116268] radeon 0000:b3:00.0: [drm] fb0: radeondrmfb frame buffer device
[    5.176546] AMD-Vi: AMD IOMMUv2 functionality not available on this system - This is not a bug.
[    7.123617] [drm] amdgpu kernel modesetting enabled.
[    7.123862] amdgpu: CRAT table disabled by module option
[    7.123896] amdgpu: Virtual CRAT table created for CPU
[    7.123944] amdgpu: Topology: Add CPU node
[    7.333289] raid6: avx512x4 gen() 31166 MB/s
[    7.401316] raid6: avx512x2 gen() 45892 MB/s
[    7.469277] raid6: avx512x1 gen() 51410 MB/s
[    7.537284] raid6: avx2x4   gen() 42196 MB/s
[    7.605286] raid6: avx2x2   gen() 41292 MB/s
[    7.673316] raid6: avx2x1   gen() 33304 MB/s
[    7.673337] raid6: using algorithm avx512x1 gen() 51410 MB/s
[    7.741287] raid6: .... xor() 30853 MB/s, rmw enabled
[    7.741311] raid6: using avx512x2 recovery algorithm
[    7.743786] xor: automatically using best checksumming function   avx       
[    7.746002] async_tx: api initialized (async)
[    7.948344] Btrfs loaded, zoned=yes, fsverity=yes
[    8.020168] EXT4-fs (dm-0): mounted filesystem 615e5c54-7df9-40a7-95fa-fb4c900d016b ro with ordered data mode. Quota mode: none.
[    8.248520] systemd[1]: Inserted module 'autofs4'
[    8.274907] systemd[1]: systemd 253.5-1ubuntu6.1 running in system mode (+PAM +AUDIT +SELINUX +APPARMOR +IMA +SMACK +SECCOMP +GCRYPT -GNUTLS +OPENSSL +ACL +BLKID +CURL +ELFUTILS +FIDO2 +IDN2 -IDN +IPTC +KMOD +LIBCRYPTSETUP +LIBFDISK +PCRE2 -PWQUALITY +P11KIT +QRENCODE +TPM2 +BZIP2 +LZ4 +XZ +ZLIB +ZSTD -BPF_FRAMEWORK -XKBCOMMON +UTMP +SYSVINIT default-hierarchy=unified)
[    8.275090] systemd[1]: Detected architecture x86-64.
[    8.275997] systemd[1]: Hostname set to <oslab>.
[    8.312875] systemd[1]: memfd_create() called without MFD_EXEC or MFD_NOEXEC_SEAL set
[    8.485856] systemd[1]: Queued start job for default target graphical.target.
[    8.520841] systemd[1]: Created slice system-modprobe.slice - Slice /system/modprobe.
[    8.525378] systemd[1]: Created slice system-systemd\x2dfsck.slice - Slice /system/systemd-fsck.
[    8.529672] systemd[1]: Created slice user.slice - User and Session Slice.
[    8.533089] systemd[1]: Started systemd-ask-password-wall.path - Forward Password Requests to Wall Directory Watch.
[    8.536579] systemd[1]: Set up automount proc-sys-fs-binfmt_misc.automount - Arbitrary Executable File Formats File System Automount Point.
[    8.539973] systemd[1]: Reached target integritysetup.target - Local Integrity Protected Volumes.
[    8.543388] systemd[1]: Reached target slices.target - Slice Units.
[    8.546806] systemd[1]: Reached target snapd.mounts-pre.target - Mounting snaps.
[    8.550331] systemd[1]: Reached target veritysetup.target - Local Verity Protected Volumes.
[    8.553950] systemd[1]: Listening on dm-event.socket - Device-mapper event daemon FIFOs.
[    8.557912] systemd[1]: Listening on lvm2-lvmpolld.socket - LVM2 poll daemon socket.
[    8.561718] systemd[1]: Listening on multipathd.socket - multipathd control socket.
[    8.565642] systemd[1]: Listening on syslog.socket - Syslog Socket.
[    8.569540] systemd[1]: Listening on systemd-fsckd.socket - fsck to fsckd communication Socket.
[    8.573428] systemd[1]: Listening on systemd-initctl.socket - initctl Compatibility Named Pipe.
[    8.577439] systemd[1]: Listening on systemd-journald-dev-log.socket - Journal Socket (/dev/log).
[    8.581527] systemd[1]: Listening on systemd-journald.socket - Journal Socket.
[    8.585675] systemd[1]: Listening on systemd-networkd.socket - Network Service Netlink Socket.
[    8.589903] systemd[1]: Listening on systemd-udevd-control.socket - udev Control Socket.
[    8.594199] systemd[1]: Listening on systemd-udevd-kernel.socket - udev Kernel Socket.
[    8.613508] systemd[1]: Mounting dev-hugepages.mount - Huge Pages File System...
[    8.620444] systemd[1]: Mounting dev-mqueue.mount - POSIX Message Queue File System...
[    8.626869] systemd[1]: Mounting sys-kernel-debug.mount - Kernel Debug File System...
[    8.633135] systemd[1]: Mounting sys-kernel-tracing.mount - Kernel Trace File System...
[    8.639851] systemd[1]: Starting systemd-journald.service - Journal Service...
[    8.645432] systemd[1]: Starting keyboard-setup.service - Set the console keyboard layout...
[    8.650833] systemd[1]: Starting kmod-static-nodes.service - Create List of Static Device Nodes...
[    8.656081] systemd[1]: Starting lvm2-monitor.service - Monitoring of LVM2 mirrors, snapshots etc. using dmeventd or progress polling...
[    8.660917] systemd[1]: lxd-agent.service - LXD - agent was skipped because of an unmet condition check (ConditionPathExists=/dev/virtio-ports/org.linuxcontainers.lxd).
[    8.664050] systemd[1]: Starting modprobe@configfs.service - Load Kernel Module configfs...
[    8.669470] systemd[1]: Starting modprobe@dm_mod.service - Load Kernel Module dm_mod...
[    8.673745] systemd-journald[619]: Collecting audit messages is disabled.
[    8.677362] systemd[1]: Starting modprobe@drm.service - Load Kernel Module drm...
[    8.682926] systemd[1]: Starting modprobe@efi_pstore.service - Load Kernel Module efi_pstore...
[    8.688327] systemd[1]: Starting modprobe@fuse.service - Load Kernel Module fuse...
[    8.693828] systemd[1]: Starting modprobe@loop.service - Load Kernel Module loop...
[    8.698390] systemd[1]: netplan-ovs-cleanup.service - OpenVSwitch configuration for cleanup was skipped because of an unmet condition check (ConditionFileIsExecutable=/usr/bin/ovs-vsctl).
[    8.700815] systemd[1]: systemd-fsck-root.service - File System Check on Root Device was skipped because of an unmet condition check (ConditionPathExists=!/run/initramfs/fsck-root).
[    8.706748] systemd[1]: Starting systemd-modules-load.service - Load Kernel Modules...
[    8.711723] systemd[1]: systemd-pcrmachine.service - TPM2 PCR Machine ID Measurement was skipped because of an unmet condition check (ConditionPathExists=/sys/firmware/efi/efivars/StubPcrKernelImage-4a67b082-0a4c-41cf-b6c7-440b29bb8c4f).
[    8.716261] systemd[1]: Starting systemd-remount-fs.service - Remount Root and Kernel File Systems...
[    8.724044] systemd[1]: Starting systemd-udev-trigger.service - Coldplug All udev Devices...
[    8.733190] systemd[1]: Mounted dev-hugepages.mount - Huge Pages File System.
[    8.738511] systemd[1]: Mounted dev-mqueue.mount - POSIX Message Queue File System.
[    8.743563] systemd[1]: Mounted sys-kernel-debug.mount - Kernel Debug File System.
[    8.748483] systemd[1]: Mounted sys-kernel-tracing.mount - Kernel Trace File System.
[    8.753579] systemd[1]: Finished keyboard-setup.service - Set the console keyboard layout.
[    8.758686] systemd[1]: Finished kmod-static-nodes.service - Create List of Static Device Nodes.
[    8.763737] systemd[1]: modprobe@configfs.service: Deactivated successfully.
[    8.766238] systemd[1]: Finished modprobe@configfs.service - Load Kernel Module configfs.
[    8.771276] systemd[1]: modprobe@dm_mod.service: Deactivated successfully.
[    8.772602] EXT4-fs (dm-0): re-mounted 615e5c54-7df9-40a7-95fa-fb4c900d016b r/w. Quota mode: none.
[    8.773835] systemd[1]: Finished modprobe@dm_mod.service - Load Kernel Module dm_mod.
[    8.781537] systemd[1]: Started systemd-journald.service - Journal Service.
[    8.852736] Adding 8388604k swap on /swap.img.  Priority:-2 extents:67 across:84066304k SSFS
[    8.879143] systemd-journald[619]: Received client request to flush runtime journal.
[    8.897777] systemd-journald[619]: /var/log/journal/ef6313fc2f9a4921a18c2d6900e6fe38/system.journal: Monotonic clock jumped backwards relative to last journal entry, rotating.
[    8.897788] systemd-journald[619]: Rotating system journal.
[    9.075265] dca service started, version 1.12.1
[    9.082525] ioatdma: Intel(R) QuickData Technology Driver 5.00
[    9.084349] i801_smbus 0000:00:1f.4: enabling device (0001 -> 0003)
[    9.084466] i801_smbus 0000:00:1f.4: SPD Write Disable is set
[    9.084491] i801_smbus 0000:00:1f.4: SMBus using PCI interrupt
[    9.090577] mei_me 0000:00:16.0: enabling device (0000 -> 0002)
[    9.096342] i2c i2c-5: 6/8 memory slots populated (from DMI)
[    9.096346] i2c i2c-5: Systems with more than 4 memory slots not supported yet, not instantiating SPD
[    9.151120] ACPI BIOS Error (bug): AE_AML_BUFFER_LIMIT, Field [SMDN] at bit offset/length 24/16 exceeds size of target Buffer (32 bits) (20230331/dsopcode-198)

[    9.151143] No Local Variables are initialized for Method [WMBB]

[    9.151145] Initialized Arguments for Method [WMBB]:  (3 arguments defined for method invocation)
[    9.151146]   Arg0:   00000000bd30ef88 <Obj>           Integer 0000000000000000
[    9.151153]   Arg1:   000000002ab50a76 <Obj>           Integer 0000000000000125
[    9.151158]   Arg2:   0000000039ae9091 <Obj>           Buffer(4) 00 00 00 00

[    9.151169] ACPI Error: Aborting method \GSA1.WMBB due to previous error (AE_AML_BUFFER_LIMIT) (20230331/psparse-529)
[    9.151271] ACPI BIOS Error (bug): AE_AML_BUFFER_LIMIT, Field [SMDN] at bit offset/length 24/16 exceeds size of target Buffer (32 bits) (20230331/dsopcode-198)

[    9.151277] No Local Variables are initialized for Method [WMBB]

[    9.151280] Initialized Arguments for Method [WMBB]:  (3 arguments defined for method invocation)
[    9.151283]   Arg0:   00000000ab7e278e <Obj>           Integer 0000000000000000
[    9.151287]   Arg1:   00000000d5a56f0b <Obj>           Integer 0000000000000125
[    9.151290]   Arg2:   0000000011a7382e <Obj>           Buffer(4) 01 00 00 00

[    9.151298] ACPI Error: Aborting method \GSA1.WMBB due to previous error (AE_AML_BUFFER_LIMIT) (20230331/psparse-529)
[    9.151568] ACPI BIOS Error (bug): AE_AML_BUFFER_LIMIT, Field [SMDN] at bit offset/length 24/16 exceeds size of target Buffer (32 bits) (20230331/dsopcode-198)

[    9.151573] No Local Variables are initialized for Method [WMBB]

[    9.151575] Initialized Arguments for Method [WMBB]:  (3 arguments defined for method invocation)
[    9.151576]   Arg0:   0000000011a7382e <Obj>           Integer 0000000000000000
[    9.151580]   Arg1:   00000000d5a56f0b <Obj>           Integer 0000000000000125
[    9.151584]   Arg2:   00000000ab7e278e <Obj>           Buffer(4) 02 00 00 00

[    9.151610] ACPI Error: Aborting method \GSA1.WMBB due to previous error (AE_AML_BUFFER_LIMIT) (20230331/psparse-529)
